stone:1966831:1966897 [1] NCCL INFO proxyProgressAsync opId=0x5579b7a17dd0 op.type=1 op.reqBuff=0x7f83100094b0 op.respSize=16 done
stone:1966831:1966897 [1] NCCL INFO Received and initiated operation=Init res=0
stone:1966831:1966831 [1] NCCL INFO ncclPollProxyResponse Received new opId=0x5579b7a17dd0
stone:1966831:1966831 [1] NCCL INFO resp.opId=0x5579b7a17dd0 matches expected opId=0x5579b7a17dd0
stone:1966831:1966831 [1] NCCL INFO Connected to proxy localRank 1 -> connection 0x7f8310000ff0
stone:1966831:1966897 [1] NCCL INFO proxyProgressAsync opId=0x5579b7a17dd0 op.type=4 op.reqBuff=(nil) op.respSize=0 done
stone:1966831:1966897 [1] NCCL INFO Received and initiated operation=Connect res=0
stone:1966831:1966831 [1] NCCL INFO ncclPollProxyResponse Received new opId=0x5579b7a17dd0
stone:1966831:1966831 [1] NCCL INFO resp.opId=0x5579b7a17dd0 matches expected opId=0x5579b7a17dd0
stone:1966831:1966897 [1] NCCL INFO New proxy recv connection 7 from local rank 1, transport 4
stone:1966831:1966897 [1] NCCL INFO proxyProgressAsync opId=0x5579b7a17dd0 op.type=1 op.reqBuff=0x7f8310009270 op.respSize=16 done
stone:1966831:1966897 [1] NCCL INFO Received and initiated operation=Init res=0
stone:1966831:1966831 [1] NCCL INFO ncclPollProxyResponse Received new opId=0x5579b7a17dd0
stone:1966831:1966831 [1] NCCL INFO resp.opId=0x5579b7a17dd0 matches expected opId=0x5579b7a17dd0
stone:1966831:1966831 [1] NCCL INFO Connected to proxy localRank 1 -> connection 0x7f8310001068
stone:1966831:1966897 [1] NCCL INFO proxyProgressAsync opId=0x5579b7a17dd0 op.type=4 op.reqBuff=(nil) op.respSize=0 done
stone:1966831:1966897 [1] NCCL INFO Received and initiated operation=Connect res=0
stone:1966831:1966831 [1] NCCL INFO ncclPollProxyResponse Received new opId=0x5579b7a17dd0
stone:1966831:1966831 [1] NCCL INFO resp.opId=0x5579b7a17dd0 matches expected opId=0x5579b7a17dd0
stone:1966831:1966897 [1] NCCL INFO New proxy recv connection 8 from local rank 1, transport 4
stone:1966831:1966897 [1] NCCL INFO proxyProgressAsync opId=0x5579b7a17dd0 op.type=1 op.reqBuff=0x7f83100094b0 op.respSize=16 done
stone:1966831:1966897 [1] NCCL INFO Received and initiated operation=Init res=0
stone:1966831:1966831 [1] NCCL INFO ncclPollProxyResponse Received new opId=0x5579b7a17dd0
stone:1966831:1966831 [1] NCCL INFO resp.opId=0x5579b7a17dd0 matches expected opId=0x5579b7a17dd0
stone:1966831:1966831 [1] NCCL INFO Connected to proxy localRank 1 -> connection 0x7f83100010e0
stone:1966831:1966897 [1] NCCL INFO proxyProgressAsync opId=0x5579b7a17dd0 op.type=4 op.reqBuff=(nil) op.respSize=0 done
stone:1966831:1966897 [1] NCCL INFO Received and initiated operation=Connect res=0
stone:1966831:1966831 [1] NCCL INFO ncclPollProxyResponse Received new opId=0x5579b7a17dd0
stone:1966831:1966831 [1] NCCL INFO resp.opId=0x5579b7a17dd0 matches expected opId=0x5579b7a17dd0
stone:1966831:1966897 [1] NCCL INFO New proxy recv connection 9 from local rank 1, transport 4
stone:1966831:1966897 [1] NCCL INFO proxyProgressAsync opId=0x5579b7a17dd0 op.type=1 op.reqBuff=0x7f8310009270 op.respSize=16 done
stone:1966831:1966897 [1] NCCL INFO Received and initiated operation=Init res=0
stone:1966831:1966831 [1] NCCL INFO ncclPollProxyResponse Received new opId=0x5579b7a17dd0
stone:1966831:1966831 [1] NCCL INFO resp.opId=0x5579b7a17dd0 matches expected opId=0x5579b7a17dd0
stone:1966831:1966831 [1] NCCL INFO Connected to proxy localRank 1 -> connection 0x7f8310001158
stone:1966831:1966897 [1] NCCL INFO proxyProgressAsync opId=0x5579b7a17dd0 op.type=4 op.reqBuff=(nil) op.respSize=0 done
stone:1966831:1966897 [1] NCCL INFO Received and initiated operation=Connect res=0
stone:1966831:1966831 [1] NCCL INFO ncclPollProxyResponse Received new opId=0x5579b7a17dd0
stone:1966831:1966831 [1] NCCL INFO resp.opId=0x5579b7a17dd0 matches expected opId=0x5579b7a17dd0
stone:1966831:1966897 [1] NCCL INFO New proxy recv connection 10 from local rank 1, transport 4
stone:1966831:1966897 [1] NCCL INFO proxyProgressAsync opId=0x5579b7a17dd0 op.type=1 op.reqBuff=0x7f83100094b0 op.respSize=16 done
stone:1966831:1966897 [1] NCCL INFO Received and initiated operation=Init res=0
stone:1966831:1966831 [1] NCCL INFO ncclPollProxyResponse Received new opId=0x5579b7a17dd0
stone:1966831:1966831 [1] NCCL INFO resp.opId=0x5579b7a17dd0 matches expected opId=0x5579b7a17dd0
stone:1966831:1966831 [1] NCCL INFO Connected to proxy localRank 1 -> connection 0x7f83100011d0
stone:1966831:1966897 [1] NCCL INFO proxyProgressAsync opId=0x5579b7a17dd0 op.type=4 op.reqBuff=(nil) op.respSize=0 done
stone:1966831:1966897 [1] NCCL INFO Received and initiated operation=Connect res=0
stone:1966831:1966831 [1] NCCL INFO ncclPollProxyResponse Received new opId=0x5579b7a17dd0
stone:1966831:1966831 [1] NCCL INFO resp.opId=0x5579b7a17dd0 matches expected opId=0x5579b7a17dd0
stone:1966831:1966897 [1] NCCL INFO New proxy recv connection 11 from local rank 1, transport 4
stone:1966831:1966897 [1] NCCL INFO proxyProgressAsync opId=0x5579b7a17dd0 op.type=1 op.reqBuff=0x7f8310009270 op.respSize=16 done
stone:1966831:1966897 [1] NCCL INFO Received and initiated operation=Init res=0
stone:1966831:1966831 [1] NCCL INFO ncclPollProxyResponse Received new opId=0x5579b7a17dd0
stone:1966831:1966831 [1] NCCL INFO resp.opId=0x5579b7a17dd0 matches expected opId=0x5579b7a17dd0
stone:1966831:1966831 [1] NCCL INFO Connected to proxy localRank 1 -> connection 0x7f8310001248
stone:1966831:1966897 [1] NCCL INFO proxyProgressAsync opId=0x5579b7a17dd0 op.type=4 op.reqBuff=(nil) op.respSize=0 done
stone:1966831:1966897 [1] NCCL INFO Received and initiated operation=Connect res=0
stone:1966831:1966831 [1] NCCL INFO ncclPollProxyResponse Received new opId=0x5579b7a17dd0
stone:1966831:1966831 [1] NCCL INFO resp.opId=0x5579b7a17dd0 matches expected opId=0x5579b7a17dd0
stone:1966831:1966897 [1] NCCL INFO New proxy recv connection 12 from local rank 1, transport 4
stone:1966831:1966897 [1] NCCL INFO proxyProgressAsync opId=0x5579b7a17dd0 op.type=1 op.reqBuff=0x7f83100094b0 op.respSize=16 done
stone:1966831:1966897 [1] NCCL INFO Received and initiated operation=Init res=0
stone:1966831:1966831 [1] NCCL INFO ncclPollProxyResponse Received new opId=0x5579b7a17dd0
stone:1966831:1966831 [1] NCCL INFO resp.opId=0x5579b7a17dd0 matches expected opId=0x5579b7a17dd0
stone:1966831:1966831 [1] NCCL INFO Connected to proxy localRank 1 -> connection 0x7f83100012c0
stone:1966831:1966897 [1] NCCL INFO proxyProgressAsync opId=0x5579b7a17dd0 op.type=4 op.reqBuff=(nil) op.respSize=0 done
stone:1966831:1966897 [1] NCCL INFO Received and initiated operation=Connect res=0
stone:1966831:1966831 [1] NCCL INFO ncclPollProxyResponse Received new opId=0x5579b7a17dd0
stone:1966831:1966831 [1] NCCL INFO resp.opId=0x5579b7a17dd0 matches expected opId=0x5579b7a17dd0
stone:1966831:1966897 [1] NCCL INFO New proxy recv connection 13 from local rank 1, transport 4
stone:1966831:1966897 [1] NCCL INFO proxyProgressAsync opId=0x5579b7a17dd0 op.type=1 op.reqBuff=0x7f8310009270 op.respSize=16 done
stone:1966831:1966897 [1] NCCL INFO Received and initiated operation=Init res=0
stone:1966831:1966831 [1] NCCL INFO ncclPollProxyResponse Received new opId=0x5579b7a17dd0
stone:1966831:1966831 [1] NCCL INFO resp.opId=0x5579b7a17dd0 matches expected opId=0x5579b7a17dd0
stone:1966831:1966831 [1] NCCL INFO Connected to proxy localRank 1 -> connection 0x7f8310001338
stone:1966831:1966897 [1] NCCL INFO proxyProgressAsync opId=0x5579b7a17dd0 op.type=4 op.reqBuff=(nil) op.respSize=0 done
stone:1966831:1966897 [1] NCCL INFO Received and initiated operation=Connect res=0
stone:1966831:1966831 [1] NCCL INFO ncclPollProxyResponse Received new opId=0x5579b7a17dd0
stone:1966831:1966831 [1] NCCL INFO resp.opId=0x5579b7a17dd0 matches expected opId=0x5579b7a17dd0
stone:1966831:1966897 [1] NCCL INFO New proxy recv connection 14 from local rank 1, transport 4
stone:1966831:1966897 [1] NCCL INFO proxyProgressAsync opId=0x5579b7a17dd0 op.type=1 op.reqBuff=0x7f83100094b0 op.respSize=16 done
stone:1966831:1966897 [1] NCCL INFO Received and initiated operation=Init res=0
stone:1966831:1966831 [1] NCCL INFO ncclPollProxyResponse Received new opId=0x5579b7a17dd0
stone:1966831:1966831 [1] NCCL INFO resp.opId=0x5579b7a17dd0 matches expected opId=0x5579b7a17dd0
stone:1966831:1966831 [1] NCCL INFO Connected to proxy localRank 1 -> connection 0x7f83100013b0
stone:1966831:1966897 [1] NCCL INFO proxyProgressAsync opId=0x5579b7a17dd0 op.type=4 op.reqBuff=(nil) op.respSize=0 done
stone:1966831:1966897 [1] NCCL INFO Received and initiated operation=Connect res=0
stone:1966831:1966831 [1] NCCL INFO ncclPollProxyResponse Received new opId=0x5579b7a17dd0
stone:1966831:1966831 [1] NCCL INFO resp.opId=0x5579b7a17dd0 matches expected opId=0x5579b7a17dd0
stone:1966831:1966897 [1] NCCL INFO New proxy recv connection 15 from local rank 1, transport 4
stone:1966831:1966897 [1] NCCL INFO proxyProgressAsync opId=0x5579b7a17dd0 op.type=1 op.reqBuff=0x7f8310009270 op.respSize=16 done
stone:1966831:1966897 [1] NCCL INFO Received and initiated operation=Init res=0
stone:1966831:1966831 [1] NCCL INFO ncclPollProxyResponse Received new opId=0x5579b7a17dd0
stone:1966831:1966831 [1] NCCL INFO resp.opId=0x5579b7a17dd0 matches expected opId=0x5579b7a17dd0
stone:1966831:1966831 [1] NCCL INFO Connected to proxy localRank 1 -> connection 0x7f8310001428
stone:1966831:1966897 [1] NCCL INFO proxyProgressAsync opId=0x5579b7a17dd0 op.type=4 op.reqBuff=(nil) op.respSize=0 done
stone:1966831:1966897 [1] NCCL INFO Received and initiated operation=Connect res=0
stone:1966831:1966831 [1] NCCL INFO ncclPollProxyResponse Received new opId=0x5579b7a17dd0
stone:1966831:1966831 [1] NCCL INFO resp.opId=0x5579b7a17dd0 matches expected opId=0x5579b7a17dd0
stone:1966831:1966897 [1] NCCL INFO New proxy recv connection 16 from local rank 1, transport 4
stone:1966831:1966897 [1] NCCL INFO proxyProgressAsync opId=0x5579b7a17dd0 op.type=1 op.reqBuff=0x7f83100094b0 op.respSize=16 done
stone:1966831:1966897 [1] NCCL INFO Received and initiated operation=Init res=0
stone:1966831:1966831 [1] NCCL INFO ncclPollProxyResponse Received new opId=0x5579b7a17dd0
stone:1966831:1966831 [1] NCCL INFO resp.opId=0x5579b7a17dd0 matches expected opId=0x5579b7a17dd0
stone:1966831:1966831 [1] NCCL INFO Connected to proxy localRank 1 -> connection 0x7f83100014a0
stone:1966831:1966897 [1] NCCL INFO proxyProgressAsync opId=0x5579b7a17dd0 op.type=4 op.reqBuff=(nil) op.respSize=0 done
stone:1966831:1966897 [1] NCCL INFO Received and initiated operation=Connect res=0
stone:1966831:1966831 [1] NCCL INFO ncclPollProxyResponse Received new opId=0x5579b7a17dd0
stone:1966831:1966831 [1] NCCL INFO resp.opId=0x5579b7a17dd0 matches expected opId=0x5579b7a17dd0
stone:1966831:1966897 [1] NCCL INFO New proxy recv connection 17 from local rank 1, transport 4
stone:1966831:1966897 [1] NCCL INFO proxyProgressAsync opId=0x5579b7a17dd0 op.type=1 op.reqBuff=0x7f8310009270 op.respSize=16 done
stone:1966831:1966897 [1] NCCL INFO Received and initiated operation=Init res=0
stone:1966831:1966831 [1] NCCL INFO ncclPollProxyResponse Received new opId=0x5579b7a17dd0
stone:1966831:1966831 [1] NCCL INFO resp.opId=0x5579b7a17dd0 matches expected opId=0x5579b7a17dd0
stone:1966831:1966831 [1] NCCL INFO Connected to proxy localRank 1 -> connection 0x7f8310001518
stone:1966831:1966897 [1] NCCL INFO proxyProgressAsync opId=0x5579b7a17dd0 op.type=4 op.reqBuff=(nil) op.respSize=0 done
stone:1966831:1966897 [1] NCCL INFO Received and initiated operation=Connect res=0
stone:1966831:1966831 [1] NCCL INFO ncclPollProxyResponse Received new opId=0x5579b7a17dd0
stone:1966831:1966831 [1] NCCL INFO resp.opId=0x5579b7a17dd0 matches expected opId=0x5579b7a17dd0
stone:1966831:1966897 [1] NCCL INFO New proxy recv connection 18 from local rank 1, transport 4
stone:1966831:1966897 [1] NCCL INFO proxyProgressAsync opId=0x5579b7a17dd0 op.type=1 op.reqBuff=0x7f83100094b0 op.respSize=16 done
stone:1966831:1966897 [1] NCCL INFO Received and initiated operation=Init res=0
stone:1966831:1966831 [1] NCCL INFO ncclPollProxyResponse Received new opId=0x5579b7a17dd0
stone:1966831:1966831 [1] NCCL INFO resp.opId=0x5579b7a17dd0 matches expected opId=0x5579b7a17dd0
stone:1966831:1966831 [1] NCCL INFO Connected to proxy localRank 1 -> connection 0x7f8310001590
stone:1966831:1966897 [1] NCCL INFO proxyProgressAsync opId=0x5579b7a17dd0 op.type=4 op.reqBuff=(nil) op.respSize=0 done
stone:1966831:1966897 [1] NCCL INFO Received and initiated operation=Connect res=0
stone:1966831:1966831 [1] NCCL INFO ncclPollProxyResponse Received new opId=0x5579b7a17dd0
stone:1966831:1966831 [1] NCCL INFO resp.opId=0x5579b7a17dd0 matches expected opId=0x5579b7a17dd0
stone:1966831:1966897 [1] NCCL INFO New proxy recv connection 19 from local rank 1, transport 4
stone:1966831:1966897 [1] NCCL INFO proxyProgressAsync opId=0x5579b7a17dd0 op.type=1 op.reqBuff=0x7f8310009270 op.respSize=16 done
stone:1966831:1966897 [1] NCCL INFO Received and initiated operation=Init res=0
stone:1966831:1966831 [1] NCCL INFO ncclPollProxyResponse Received new opId=0x5579b7a17dd0
stone:1966831:1966831 [1] NCCL INFO resp.opId=0x5579b7a17dd0 matches expected opId=0x5579b7a17dd0
stone:1966831:1966831 [1] NCCL INFO Connected to proxy localRank 1 -> connection 0x7f8310001608
stone:1966831:1966897 [1] NCCL INFO proxyProgressAsync opId=0x5579b7a17dd0 op.type=4 op.reqBuff=(nil) op.respSize=0 done
stone:1966831:1966897 [1] NCCL INFO Received and initiated operation=Connect res=0
stone:1966831:1966831 [1] NCCL INFO ncclPollProxyResponse Received new opId=0x5579b7a17dd0
stone:1966831:1966831 [1] NCCL INFO resp.opId=0x5579b7a17dd0 matches expected opId=0x5579b7a17dd0
stone:1966831:1966897 [1] NCCL INFO New proxy recv connection 20 from local rank 1, transport 4
stone:1966831:1966897 [1] NCCL INFO proxyProgressAsync opId=0x5579b7a17dd0 op.type=1 op.reqBuff=0x7f83100094b0 op.respSize=16 done
stone:1966831:1966897 [1] NCCL INFO Received and initiated operation=Init res=0
stone:1966831:1966831 [1] NCCL INFO ncclPollProxyResponse Received new opId=0x5579b7a17dd0
stone:1966831:1966831 [1] NCCL INFO resp.opId=0x5579b7a17dd0 matches expected opId=0x5579b7a17dd0
stone:1966831:1966831 [1] NCCL INFO Connected to proxy localRank 1 -> connection 0x7f8310001680
stone:1966831:1966897 [1] NCCL INFO proxyProgressAsync opId=0x5579b7a17dd0 op.type=4 op.reqBuff=(nil) op.respSize=0 done
stone:1966831:1966897 [1] NCCL INFO Received and initiated operation=Connect res=0
stone:1966831:1966831 [1] NCCL INFO ncclPollProxyResponse Received new opId=0x5579b7a17dd0
stone:1966831:1966831 [1] NCCL INFO resp.opId=0x5579b7a17dd0 matches expected opId=0x5579b7a17dd0
stone:1966831:1966897 [1] NCCL INFO New proxy recv connection 21 from local rank 1, transport 4
stone:1966831:1966897 [1] NCCL INFO proxyProgressAsync opId=0x5579b7a17dd0 op.type=1 op.reqBuff=0x7f8310009270 op.respSize=16 done
stone:1966831:1966897 [1] NCCL INFO Received and initiated operation=Init res=0
stone:1966831:1966831 [1] NCCL INFO ncclPollProxyResponse Received new opId=0x5579b7a17dd0
stone:1966831:1966831 [1] NCCL INFO resp.opId=0x5579b7a17dd0 matches expected opId=0x5579b7a17dd0
stone:1966831:1966831 [1] NCCL INFO Connected to proxy localRank 1 -> connection 0x7f83100016f8
stone:1966831:1966897 [1] NCCL INFO proxyProgressAsync opId=0x5579b7a17dd0 op.type=4 op.reqBuff=(nil) op.respSize=0 done
stone:1966831:1966897 [1] NCCL INFO Received and initiated operation=Connect res=0
stone:1966831:1966831 [1] NCCL INFO ncclPollProxyResponse Received new opId=0x5579b7a17dd0
stone:1966831:1966831 [1] NCCL INFO resp.opId=0x5579b7a17dd0 matches expected opId=0x5579b7a17dd0
stone:1966831:1966897 [1] NCCL INFO New proxy recv connection 22 from local rank 1, transport 4
stone:1966831:1966897 [1] NCCL INFO proxyProgressAsync opId=0x5579b7a17dd0 op.type=1 op.reqBuff=0x7f83100094b0 op.respSize=16 done
stone:1966831:1966897 [1] NCCL INFO Received and initiated operation=Init res=0
stone:1966831:1966831 [1] NCCL INFO ncclPollProxyResponse Received new opId=0x5579b7a17dd0
stone:1966831:1966831 [1] NCCL INFO resp.opId=0x5579b7a17dd0 matches expected opId=0x5579b7a17dd0
stone:1966831:1966831 [1] NCCL INFO Connected to proxy localRank 1 -> connection 0x7f8310001770
stone:1966831:1966897 [1] NCCL INFO proxyProgressAsync opId=0x5579b7a17dd0 op.type=4 op.reqBuff=(nil) op.respSize=0 done
stone:1966831:1966897 [1] NCCL INFO Received and initiated operation=Connect res=0
stone:1966831:1966831 [1] NCCL INFO ncclPollProxyResponse Received new opId=0x5579b7a17dd0
stone:1966831:1966831 [1] NCCL INFO resp.opId=0x5579b7a17dd0 matches expected opId=0x5579b7a17dd0
stone:1966831:1966897 [1] NCCL INFO New proxy recv connection 23 from local rank 1, transport 4
stone:1966831:1966897 [1] NCCL INFO proxyProgressAsync opId=0x5579b7a17dd0 op.type=1 op.reqBuff=0x7f8310009270 op.respSize=16 done
stone:1966831:1966897 [1] NCCL INFO Received and initiated operation=Init res=0
stone:1966831:1966831 [1] NCCL INFO ncclPollProxyResponse Received new opId=0x5579b7a17dd0
stone:1966831:1966831 [1] NCCL INFO resp.opId=0x5579b7a17dd0 matches expected opId=0x5579b7a17dd0
stone:1966831:1966831 [1] NCCL INFO Connected to proxy localRank 1 -> connection 0x7f83100017e8
stone:1966831:1966897 [1] NCCL INFO proxyProgressAsync opId=0x5579b7a17dd0 op.type=4 op.reqBuff=(nil) op.respSize=0 done
stone:1966831:1966897 [1] NCCL INFO Received and initiated operation=Connect res=0
stone:1966831:1966831 [1] NCCL INFO ncclPollProxyResponse Received new opId=0x5579b7a17dd0
stone:1966831:1966831 [1] NCCL INFO resp.opId=0x5579b7a17dd0 matches expected opId=0x5579b7a17dd0
stone:1966831:1966897 [1] NCCL INFO New proxy recv connection 24 from local rank 1, transport 4
stone:1966831:1966897 [1] NCCL INFO proxyProgressAsync opId=0x5579b7a17dd0 op.type=1 op.reqBuff=0x7f83100094b0 op.respSize=16 done
stone:1966831:1966897 [1] NCCL INFO Received and initiated operation=Init res=0
stone:1966831:1966831 [1] NCCL INFO ncclPollProxyResponse Received new opId=0x5579b7a17dd0
stone:1966831:1966831 [1] NCCL INFO resp.opId=0x5579b7a17dd0 matches expected opId=0x5579b7a17dd0
stone:1966831:1966831 [1] NCCL INFO Connected to proxy localRank 1 -> connection 0x7f8310001860
stone:1966831:1966897 [1] NCCL INFO proxyProgressAsync opId=0x5579b7a17dd0 op.type=4 op.reqBuff=(nil) op.respSize=0 done
stone:1966831:1966897 [1] NCCL INFO Received and initiated operation=Connect res=0
stone:1966831:1966831 [1] NCCL INFO ncclPollProxyResponse Received new opId=0x5579b7a17dd0
stone:1966831:1966831 [1] NCCL INFO resp.opId=0x5579b7a17dd0 matches expected opId=0x5579b7a17dd0
stone:1966831:1966897 [1] NCCL INFO New proxy recv connection 25 from local rank 1, transport 4
stone:1966831:1966897 [1] NCCL INFO proxyProgressAsync opId=0x5579b7a17dd0 op.type=1 op.reqBuff=0x7f8310009270 op.respSize=16 done
stone:1966831:1966897 [1] NCCL INFO Received and initiated operation=Init res=0
stone:1966831:1966831 [1] NCCL INFO ncclPollProxyResponse Received new opId=0x5579b7a17dd0
stone:1966831:1966831 [1] NCCL INFO resp.opId=0x5579b7a17dd0 matches expected opId=0x5579b7a17dd0
stone:1966831:1966831 [1] NCCL INFO Connected to proxy localRank 1 -> connection 0x7f83100018d8
stone:1966831:1966897 [1] NCCL INFO proxyProgressAsync opId=0x5579b7a17dd0 op.type=4 op.reqBuff=(nil) op.respSize=0 done
stone:1966831:1966897 [1] NCCL INFO Received and initiated operation=Connect res=0
stone:1966831:1966831 [1] NCCL INFO ncclPollProxyResponse Received new opId=0x5579b7a17dd0
stone:1966831:1966831 [1] NCCL INFO resp.opId=0x5579b7a17dd0 matches expected opId=0x5579b7a17dd0
stone:1966831:1966897 [1] NCCL INFO New proxy recv connection 26 from local rank 1, transport 4
stone:1966831:1966897 [1] NCCL INFO proxyProgressAsync opId=0x5579b7a17dd0 op.type=1 op.reqBuff=0x7f83100094b0 op.respSize=16 done
stone:1966831:1966897 [1] NCCL INFO Received and initiated operation=Init res=0
stone:1966831:1966831 [1] NCCL INFO ncclPollProxyResponse Received new opId=0x5579b7a17dd0
stone:1966831:1966831 [1] NCCL INFO resp.opId=0x5579b7a17dd0 matches expected opId=0x5579b7a17dd0
stone:1966831:1966831 [1] NCCL INFO Connected to proxy localRank 1 -> connection 0x7f8310001950
stone:1966831:1966897 [1] NCCL INFO proxyProgressAsync opId=0x5579b7a17dd0 op.type=4 op.reqBuff=(nil) op.respSize=0 done
stone:1966831:1966897 [1] NCCL INFO Received and initiated operation=Connect res=0
stone:1966831:1966831 [1] NCCL INFO ncclPollProxyResponse Received new opId=0x5579b7a17dd0
stone:1966831:1966831 [1] NCCL INFO resp.opId=0x5579b7a17dd0 matches expected opId=0x5579b7a17dd0
stone:1966831:1966897 [1] NCCL INFO New proxy recv connection 27 from local rank 1, transport 4
stone:1966831:1966897 [1] NCCL INFO proxyProgressAsync opId=0x5579b7a17dd0 op.type=1 op.reqBuff=0x7f8310009270 op.respSize=16 done
stone:1966831:1966897 [1] NCCL INFO Received and initiated operation=Init res=0
stone:1966831:1966831 [1] NCCL INFO ncclPollProxyResponse Received new opId=0x5579b7a17dd0
stone:1966831:1966831 [1] NCCL INFO resp.opId=0x5579b7a17dd0 matches expected opId=0x5579b7a17dd0
stone:1966831:1966831 [1] NCCL INFO Connected to proxy localRank 1 -> connection 0x7f83100019c8
stone:1966831:1966897 [1] NCCL INFO proxyProgressAsync opId=0x5579b7a17dd0 op.type=4 op.reqBuff=(nil) op.respSize=0 done
stone:1966831:1966897 [1] NCCL INFO Received and initiated operation=Connect res=0
stone:1966831:1966831 [1] NCCL INFO ncclPollProxyResponse Received new opId=0x5579b7a17dd0
stone:1966831:1966831 [1] NCCL INFO resp.opId=0x5579b7a17dd0 matches expected opId=0x5579b7a17dd0
stone:1966831:1966897 [1] NCCL INFO New proxy recv connection 28 from local rank 1, transport 4
stone:1966831:1966897 [1] NCCL INFO proxyProgressAsync opId=0x5579b7a17dd0 op.type=1 op.reqBuff=0x7f83100094b0 op.respSize=16 done
stone:1966831:1966897 [1] NCCL INFO Received and initiated operation=Init res=0
stone:1966831:1966831 [1] NCCL INFO ncclPollProxyResponse Received new opId=0x5579b7a17dd0
stone:1966831:1966831 [1] NCCL INFO resp.opId=0x5579b7a17dd0 matches expected opId=0x5579b7a17dd0
stone:1966831:1966831 [1] NCCL INFO Connected to proxy localRank 1 -> connection 0x7f8310001a40
stone:1966831:1966897 [1] NCCL INFO proxyProgressAsync opId=0x5579b7a17dd0 op.type=4 op.reqBuff=(nil) op.respSize=0 done
stone:1966831:1966897 [1] NCCL INFO Received and initiated operation=Connect res=0
stone:1966831:1966831 [1] NCCL INFO ncclPollProxyResponse Received new opId=0x5579b7a17dd0
stone:1966831:1966831 [1] NCCL INFO resp.opId=0x5579b7a17dd0 matches expected opId=0x5579b7a17dd0
stone:1966831:1966897 [1] NCCL INFO New proxy recv connection 29 from local rank 1, transport 4
stone:1966831:1966897 [1] NCCL INFO proxyProgressAsync opId=0x5579b7a17dd0 op.type=1 op.reqBuff=0x7f8310009270 op.respSize=16 done
stone:1966831:1966897 [1] NCCL INFO Received and initiated operation=Init res=0
stone:1966831:1966831 [1] NCCL INFO ncclPollProxyResponse Received new opId=0x5579b7a17dd0
stone:1966831:1966831 [1] NCCL INFO resp.opId=0x5579b7a17dd0 matches expected opId=0x5579b7a17dd0
stone:1966831:1966831 [1] NCCL INFO Connected to proxy localRank 1 -> connection 0x7f8310001ab8
stone:1966831:1966897 [1] NCCL INFO proxyProgressAsync opId=0x5579b7a17dd0 op.type=4 op.reqBuff=(nil) op.respSize=0 done
stone:1966831:1966897 [1] NCCL INFO Received and initiated operation=Connect res=0
stone:1966831:1966831 [1] NCCL INFO ncclPollProxyResponse Received new opId=0x5579b7a17dd0
stone:1966831:1966831 [1] NCCL INFO resp.opId=0x5579b7a17dd0 matches expected opId=0x5579b7a17dd0
stone:1966831:1966897 [1] NCCL INFO New proxy recv connection 30 from local rank 1, transport 4
stone:1966831:1966897 [1] NCCL INFO proxyProgressAsync opId=0x5579b7a17dd0 op.type=1 op.reqBuff=0x7f83100094b0 op.respSize=16 done
stone:1966831:1966897 [1] NCCL INFO Received and initiated operation=Init res=0
stone:1966831:1966831 [1] NCCL INFO ncclPollProxyResponse Received new opId=0x5579b7a17dd0
stone:1966831:1966831 [1] NCCL INFO resp.opId=0x5579b7a17dd0 matches expected opId=0x5579b7a17dd0
stone:1966831:1966831 [1] NCCL INFO Connected to proxy localRank 1 -> connection 0x7f8310001b30
stone:1966831:1966897 [1] NCCL INFO proxyProgressAsync opId=0x5579b7a17dd0 op.type=4 op.reqBuff=(nil) op.respSize=0 done
stone:1966831:1966897 [1] NCCL INFO Received and initiated operation=Connect res=0
stone:1966831:1966831 [1] NCCL INFO ncclPollProxyResponse Received new opId=0x5579b7a17dd0
stone:1966831:1966831 [1] NCCL INFO resp.opId=0x5579b7a17dd0 matches expected opId=0x5579b7a17dd0
stone:1966831:1966897 [1] NCCL INFO New proxy recv connection 31 from local rank 1, transport 4
stone:1966831:1966897 [1] NCCL INFO proxyProgressAsync opId=0x5579b7a17dd0 op.type=1 op.reqBuff=0x7f8310009270 op.respSize=16 done
stone:1966831:1966897 [1] NCCL INFO Received and initiated operation=Init res=0
stone:1966831:1966831 [1] NCCL INFO ncclPollProxyResponse Received new opId=0x5579b7a17dd0
stone:1966831:1966831 [1] NCCL INFO resp.opId=0x5579b7a17dd0 matches expected opId=0x5579b7a17dd0
stone:1966831:1966831 [1] NCCL INFO Connected to proxy localRank 1 -> connection 0x7f8310001ba8
stone:1966831:1966897 [1] NCCL INFO proxyProgressAsync opId=0x5579b7a17dd0 op.type=4 op.reqBuff=(nil) op.respSize=0 done
stone:1966831:1966897 [1] NCCL INFO Received and initiated operation=Connect res=0
stone:1966831:1966831 [1] NCCL INFO ncclPollProxyResponse Received new opId=0x5579b7a17dd0
stone:1966831:1966831 [1] NCCL INFO resp.opId=0x5579b7a17dd0 matches expected opId=0x5579b7a17dd0
stone:1966831:1966897 [1] NCCL INFO New proxy recv connection 32 from local rank 1, transport 4
stone:1966831:1966897 [1] NCCL INFO proxyProgressAsync opId=0x5579b7a17dd0 op.type=1 op.reqBuff=0x7f83100094b0 op.respSize=16 done
stone:1966831:1966897 [1] NCCL INFO Received and initiated operation=Init res=0
stone:1966831:1966831 [1] NCCL INFO ncclPollProxyResponse Received new opId=0x5579b7a17dd0
stone:1966831:1966831 [1] NCCL INFO resp.opId=0x5579b7a17dd0 matches expected opId=0x5579b7a17dd0
stone:1966831:1966831 [1] NCCL INFO Connected to proxy localRank 1 -> connection 0x7f8310001c20
stone:1966831:1966897 [1] NCCL INFO proxyProgressAsync opId=0x5579b7a17dd0 op.type=4 op.reqBuff=(nil) op.respSize=0 done
stone:1966831:1966897 [1] NCCL INFO Received and initiated operation=Connect res=0
stone:1966831:1966831 [1] NCCL INFO ncclPollProxyResponse Received new opId=0x5579b7a17dd0
stone:1966831:1966831 [1] NCCL INFO resp.opId=0x5579b7a17dd0 matches expected opId=0x5579b7a17dd0
stone:1966831:1966897 [1] NCCL INFO New proxy recv connection 33 from local rank 1, transport 4
stone:1966831:1966897 [1] NCCL INFO proxyProgressAsync opId=0x5579b7a17dd0 op.type=1 op.reqBuff=0x7f8310009270 op.respSize=16 done
stone:1966831:1966897 [1] NCCL INFO Received and initiated operation=Init res=0
stone:1966831:1966831 [1] NCCL INFO ncclPollProxyResponse Received new opId=0x5579b7a17dd0
stone:1966831:1966831 [1] NCCL INFO resp.opId=0x5579b7a17dd0 matches expected opId=0x5579b7a17dd0
stone:1966831:1966831 [1] NCCL INFO Connected to proxy localRank 1 -> connection 0x7f8310001c98
stone:1966831:1966897 [1] NCCL INFO proxyProgressAsync opId=0x5579b7a17dd0 op.type=4 op.reqBuff=(nil) op.respSize=0 done
stone:1966831:1966897 [1] NCCL INFO Received and initiated operation=Connect res=0
stone:1966831:1966831 [1] NCCL INFO ncclPollProxyResponse Received new opId=0x5579b7a17dd0
stone:1966831:1966831 [1] NCCL INFO resp.opId=0x5579b7a17dd0 matches expected opId=0x5579b7a17dd0
stone:1966831:1966897 [1] NCCL INFO New proxy recv connection 34 from local rank 1, transport 4
stone:1966831:1966897 [1] NCCL INFO proxyProgressAsync opId=0x5579b7a17dd0 op.type=1 op.reqBuff=0x7f83100094b0 op.respSize=16 done
stone:1966831:1966897 [1] NCCL INFO Received and initiated operation=Init res=0
stone:1966831:1966831 [1] NCCL INFO ncclPollProxyResponse Received new opId=0x5579b7a17dd0
stone:1966831:1966831 [1] NCCL INFO resp.opId=0x5579b7a17dd0 matches expected opId=0x5579b7a17dd0
stone:1966831:1966831 [1] NCCL INFO Connected to proxy localRank 1 -> connection 0x7f8310001d10
stone:1966831:1966897 [1] NCCL INFO proxyProgressAsync opId=0x5579b7a17dd0 op.type=4 op.reqBuff=(nil) op.respSize=0 done
stone:1966831:1966897 [1] NCCL INFO Received and initiated operation=Connect res=0
stone:1966831:1966831 [1] NCCL INFO ncclPollProxyResponse Received new opId=0x5579b7a17dd0
stone:1966831:1966831 [1] NCCL INFO resp.opId=0x5579b7a17dd0 matches expected opId=0x5579b7a17dd0
stone:1966831:1966897 [1] NCCL INFO New proxy recv connection 35 from local rank 1, transport 4
stone:1966831:1966897 [1] NCCL INFO proxyProgressAsync opId=0x5579b7a17dd0 op.type=1 op.reqBuff=0x7f8310009270 op.respSize=16 done
stone:1966831:1966897 [1] NCCL INFO Received and initiated operation=Init res=0
stone:1966831:1966831 [1] NCCL INFO ncclPollProxyResponse Received new opId=0x5579b7a17dd0
stone:1966831:1966831 [1] NCCL INFO resp.opId=0x5579b7a17dd0 matches expected opId=0x5579b7a17dd0
stone:1966831:1966831 [1] NCCL INFO Connected to proxy localRank 1 -> connection 0x7f8310001d88
stone:1966831:1966897 [1] NCCL INFO proxyProgressAsync opId=0x5579b7a17dd0 op.type=4 op.reqBuff=(nil) op.respSize=0 done
stone:1966831:1966897 [1] NCCL INFO Received and initiated operation=Connect res=0
stone:1966831:1966831 [1] NCCL INFO ncclPollProxyResponse Received new opId=0x5579b7a17dd0
stone:1966831:1966831 [1] NCCL INFO resp.opId=0x5579b7a17dd0 matches expected opId=0x5579b7a17dd0
stone:1966831:1966897 [1] NCCL INFO New proxy recv connection 36 from local rank 1, transport 4
stone:1966831:1966897 [1] NCCL INFO proxyProgressAsync opId=0x5579b7a17dd0 op.type=1 op.reqBuff=0x7f83100094b0 op.respSize=16 done
stone:1966831:1966897 [1] NCCL INFO Received and initiated operation=Init res=0
stone:1966831:1966831 [1] NCCL INFO ncclPollProxyResponse Received new opId=0x5579b7a17dd0
stone:1966831:1966831 [1] NCCL INFO resp.opId=0x5579b7a17dd0 matches expected opId=0x5579b7a17dd0
stone:1966831:1966831 [1] NCCL INFO Connected to proxy localRank 1 -> connection 0x7f8310001e00
stone:1966831:1966897 [1] NCCL INFO proxyProgressAsync opId=0x5579b7a17dd0 op.type=4 op.reqBuff=(nil) op.respSize=0 done
stone:1966831:1966897 [1] NCCL INFO Received and initiated operation=Connect res=0
stone:1966831:1966831 [1] NCCL INFO ncclPollProxyResponse Received new opId=0x5579b7a17dd0
stone:1966831:1966831 [1] NCCL INFO resp.opId=0x5579b7a17dd0 matches expected opId=0x5579b7a17dd0
stone:1966831:1966897 [1] NCCL INFO New proxy recv connection 37 from local rank 1, transport 4
stone:1966831:1966897 [1] NCCL INFO proxyProgressAsync opId=0x5579b7a17dd0 op.type=1 op.reqBuff=0x7f8310009270 op.respSize=16 done
stone:1966831:1966897 [1] NCCL INFO Received and initiated operation=Init res=0
stone:1966831:1966831 [1] NCCL INFO ncclPollProxyResponse Received new opId=0x5579b7a17dd0
stone:1966831:1966831 [1] NCCL INFO resp.opId=0x5579b7a17dd0 matches expected opId=0x5579b7a17dd0
stone:1966831:1966831 [1] NCCL INFO Connected to proxy localRank 1 -> connection 0x7f8310001e78
stone:1966831:1966897 [1] NCCL INFO proxyProgressAsync opId=0x5579b7a17dd0 op.type=4 op.reqBuff=(nil) op.respSize=0 done
stone:1966831:1966897 [1] NCCL INFO Received and initiated operation=Connect res=0
stone:1966831:1966831 [1] NCCL INFO ncclPollProxyResponse Received new opId=0x5579b7a17dd0
stone:1966831:1966831 [1] NCCL INFO resp.opId=0x5579b7a17dd0 matches expected opId=0x5579b7a17dd0
stone:1966831:1966897 [1] NCCL INFO New proxy recv connection 38 from local rank 1, transport 4
stone:1966831:1966897 [1] NCCL INFO proxyProgressAsync opId=0x5579b7a17dd0 op.type=1 op.reqBuff=0x7f83100094b0 op.respSize=16 done
stone:1966831:1966897 [1] NCCL INFO Received and initiated operation=Init res=0
stone:1966831:1966831 [1] NCCL INFO ncclPollProxyResponse Received new opId=0x5579b7a17dd0
stone:1966831:1966831 [1] NCCL INFO resp.opId=0x5579b7a17dd0 matches expected opId=0x5579b7a17dd0
stone:1966831:1966831 [1] NCCL INFO Connected to proxy localRank 1 -> connection 0x7f8310001ef0
stone:1966831:1966897 [1] NCCL INFO proxyProgressAsync opId=0x5579b7a17dd0 op.type=4 op.reqBuff=(nil) op.respSize=0 done
stone:1966831:1966831 [1] NCCL INFO ncclPollProxyResponse Received new opId=0x5579b7a17dd0
stone:1966831:1966831 [1] NCCL INFO resp.opId=0x5579b7a17dd0 matches expected opId=0x5579b7a17dd0
stone:1966831:1966897 [1] NCCL INFO Received and initiated operation=Connect res=0
stone:1966831:1966897 [1] NCCL INFO New proxy recv connection 39 from local rank 1, transport 4
stone:1966831:1966897 [1] NCCL INFO proxyProgressAsync opId=0x5579b7a17dd0 op.type=1 op.reqBuff=0x7f8310009270 op.respSize=16 done
stone:1966831:1966897 [1] NCCL INFO Received and initiated operation=Init res=0
stone:1966831:1966831 [1] NCCL INFO ncclPollProxyResponse Received new opId=0x5579b7a17dd0
stone:1966831:1966831 [1] NCCL INFO resp.opId=0x5579b7a17dd0 matches expected opId=0x5579b7a17dd0
stone:1966831:1966831 [1] NCCL INFO Connected to proxy localRank 1 -> connection 0x7f8310001f68
stone:1966831:1966897 [1] NCCL INFO proxyProgressAsync opId=0x5579b7a17dd0 op.type=4 op.reqBuff=(nil) op.respSize=0 done
stone:1966831:1966897 [1] NCCL INFO Received and initiated operation=Connect res=0
stone:1966831:1966831 [1] NCCL INFO ncclPollProxyResponse Received new opId=0x5579b7a17dd0
stone:1966831:1966831 [1] NCCL INFO resp.opId=0x5579b7a17dd0 matches expected opId=0x5579b7a17dd0
stone:1966831:1966897 [1] NCCL INFO New proxy recv connection 40 from local rank 1, transport 4
stone:1966831:1966897 [1] NCCL INFO proxyProgressAsync opId=0x5579b7a17dd0 op.type=1 op.reqBuff=0x7f83100094b0 op.respSize=16 done
stone:1966831:1966897 [1] NCCL INFO Received and initiated operation=Init res=0
stone:1966831:1966831 [1] NCCL INFO ncclPollProxyResponse Received new opId=0x5579b7a17dd0
stone:1966831:1966831 [1] NCCL INFO resp.opId=0x5579b7a17dd0 matches expected opId=0x5579b7a17dd0
stone:1966831:1966831 [1] NCCL INFO Connected to proxy localRank 1 -> connection 0x7f8310001fe0
stone:1966831:1966897 [1] NCCL INFO proxyProgressAsync opId=0x5579b7a17dd0 op.type=4 op.reqBuff=(nil) op.respSize=0 stone:1966830:1966900 [0] NCCL INFO New proxy recv connection 36 from local rank 0, transtone:1966831:1966831 [1] NCCL INFO ncclPollProxyResponse Received new opId=0x5579b7a17dd0
stone:1966831:1966831 [1] NCCL INFO resp.opId=0x5579b7a17dd0 matches expected opId=0x5579b7a17dd0
stone:1966831:1966897 [1] NCCL INFO New proxy recv connection 41 from local rank 1, transport 4
stone:1966831:1966897 [1] NCCL INFO proxyProgressAsync opId=0x5579b7a17dd0 op.type=1 op.reqBuff=0x7f8310009270 op.respSize=16 done
stone:1966831:1966897 [1] NCCL INFO Received and initiated operation=Init res=0
stone:19stone:1966830:1966900 [0] NCCL INFO proxyProgressAsync opId=0x558db816be30 op.type=4 op.reqBuff=(nil) op.respSize=0 done
stone:1966830:1966830 [0] NCCL INFO ncclPollProxyResponse Received new opId=0x558db816be30
stone:1966830:1966830 [0] NCCL INFO resp.opId=0x558db816be30 matcstone:1966831:1966897 [1] NCCL INFO proxyProgressAsync opId=0x5579b7a17dd0 op.type=4 op.reqBuff=(nil) op.respSize=0 done
stone:1966831:1966897 [1] NCCL INFO Received and initiated operation=Connect res=0
stone:1966831:1966831 [1] NCCL INFO ncclPollProxyResponse Received new opId=0x5579b7a17dd0
stone:1966831:1966831 [1] NCCL INFO resp.opId=0x5579b7a17dd0 matches expected opId=0x5579b7a17dd0
stone:1966831:1966897 [1] NCCL INFO New proxy recv connection 42 from local rank 1, transport 4
stone:1966831:1966897 [1] NCCL INFO proxyProgressAsync opId=0x5579b7a17dd0 op.type=1 op.reqBuff=0x7f83100094b0 op.respSize=16 done
stone:1966831:1966897 [1] NCCL INFO Received and initiated operation=Init res=0
stone:1966831:1966831 [1] NCCL INFO ncclPollProxyResponse Received new opId=0x5579b7a17dd0
stone:1966831:1966831 [1] NCCL INFO resp.opId=0x5579b7a17dd0 matches expected opId=0x5579b7a17dd0
stone:1966831:1966831 [1] NCCL INFO Connected to proxy localRank 1 -> connection 0x7f83100020d0
stone:1966831:1966897 [1] NCCL INFO proxyProgressAsync opId=0x5579b7a17dd0 op.type=4 op.reqBuff=(nil) op.respSize=0 done
stone:1966831:1966897 [1] NCCL INFO Received and initiated operation=Connect res=0
stone:1966831:1966831 [1] NCCL INFO ncclPollProxyResponse Received new opId=0x5579b7a17dd0
stone:1966831:1966831 [1] NCCL INFO resp.opId=0x5579b7a17dd0 matches expected opId=0x5579b7a17dd0
stone:1966831:1966897 [1] NCCL INFO New proxy recv connection 43 from local rank 1, transport 4
stone:1966831:1966897 [1] NCCL INFO proxyProgressAsync opId=0x5579b7a17dd0 op.type=1 op.reqBuff=0x7f8310009270 op.respSize=16 done
stone:1966831:1966897 [1] NCCL INFO Received and initiated operation=Init res=0
stone:1966831:1966831 [1] NCCL INFO ncclPollProxyResponse Received new opId=0x5579b7a17dd0
stone:1966831:1966831 [1] NCCL INFO resp.opId=0x5579b7a17dd0 matches expected opId=0x5579b7a17dd0
stone:1966831:1966831 [1] NCCL INFO Connected to proxy localRank 1 -> connection 0x7f8310002148
stone:1966831:1966897 [1] NCCL INFO proxyProgressAsync opId=0x5579b7a17dd0 op.type=4 op.reqBuff=(nil) op.respSize=0 done
stone:1966831:1966897 [1] NCCL INFO Received and initiated operation=Connect res=0
stone:1966831:1966831 [1] NCCL INFO ncclPollProxyResponse Received new opId=0x5579b7a17dd0
stone:1966831:1966831 [1] NCCL INFO resp.opId=0x5579b7a17dd0 matches expected opId=0x5579b7a17dd0
stone:1966831:1966897 [1] NCCL INFO New proxy recv connection 44 from local rank 1, transport 4
stone:1966831:1966897 [1] NCCL INFO proxyProgressAsync opId=0x5579b7a17dd0 op.type=1 op.reqBuff=0x7f83100094b0 op.respSize=16 done
stone:1966831:1966897 [1] NCCL INFO Received and initiated operation=Init res=0
stone:1966831:1966831 [1] NCCL INFO ncclPollProxyResponse Received new opId=0x5579b7a17dd0
stone:1966831:1966831 [1] NCCL INFO resp.opId=0x5579b7a17dd0 matches expected opId=0x5579b7a17dd0
stone:1966831:1966831 [1] NCCL INFO Connected to proxy localRank 1 -> connection 0x7f83100021c0
stone:1966831:1966897 [1] NCCL INFO proxyProgressAsync opId=0x5579b7a17dd0 op.type=4 op.reqBuff=(nil) op.respSize=0 done
stone:1966831:1966897 [1] NCCL INFO Received and initiated operationstone:1966830:1966900 [0] NCCL INFO New proxy recv connection 40 from local rank 0, transport 4
stone:1966830:1966900 [0] NCCL INFO proxyProgressAsync opId=0x558db816be30 op.type=1 op.reqBuff=0x7f87a80094stone:1966831:1966897 [1] NCCL INFO New proxy recv connection 45 from local rank 1, transport 4
stone:1966831:1966897 [1] NCCL INFO proxyProgressAsync opId=0x5579b7a17dd0 op.type=1 op.reqBuff=0x7f8310009270 op.respSize=16 done
stone:1966831:1966897 [1] NCCL INFO Received and initiated operation=Init res=0
stone:1966831:1966831 [1] NCCL INFO ncclPollProxyResponse Received new opId=0x557stone:1966830:1966900 [0] NCCL INFO proxyProgressAsync opId=0x558db816be30 op.type=4 op.reqBuff=(nil) op.respSize=0 done
stone:1966830:1966900 [0] NCCL INFO Received and initiated operation=Connect res=0
stone:1966831:1966897 [1] NCCL INFO proxyProgressAsync opId=0x5579b7a17dd0 op.type=4 op.reqBuff=(nil) op.respSize=0 done
stone:1966831:1966897 [1] NCCL INFO Received and initiated operationstone:1966830:1966900 [0] NCCL INFO New proxy recv connection 41 from local rank 0, transport 4
stone:1966830:1966900 [0] NCCL INFO proxyProgressAsync opId=0x558db816be30 op.type=1 op.reqBuff=0x7f87a80092stone:1966831:1966897 [1] NCCL INFO New proxy recv connection 46 from local rank 1, transport 4
stone:1966831:1966897 [1] NCCL INFO proxyProgressAsync opId=0x5579b7a17dd0 op.type=1 op.reqBuff=0x7f83100094b0 op.respSize=16 done
stone:1966831:1966897 [1] NCCL INFO Received and initiated operation=Init res=0
stone:1966831:1966831 [1] NCCL INFO ncclPollProxyResponse Received new opId=0x557stone:1966stone:1966831:1966831 [1] NCCL INFO resp.opId=0x5579b7a17dd0 matches expected opId=0x5579b7a17dd0
stone:1966831:1966831 [1] NCCL INFO Connected to proxy localRank 1 -> connection 0x7f83100022b0
stone:1966831:1966897 [1] NCCL INFO proxyProgressAsync opId=0x5579b7a17dd0 op.type=4 op.reqBuff=(nil) op.respSize=0 done
stone:1966831:1966897 [1] NCCL INFO Received and initiated operationstone:1966830:1966900 [0] NCCL INFO New proxy recv connection 42 from local rank 0, transport 4
stone:1966830:1966900 [0] NCCL INFO proxyProgressAsync opId=0x558db816be30 op.type=1 op.reqBuff=0x7f87a80094stone:1966831:1966897 [1] NCCL INFO New proxy recv connection 47 from local rank 1, transport 4
stone:1stone:1966830:1966830 [0] NCCL INFO ncclPollProxyResponse Received new opId=0x558db816be30
stone:1966830:1966830 [0] NCCL INFO resp.opId=0x558db816be30 matches expected opId=0x558db816be30
stone:1966830:1stone:1966831:1966831 [1] NCCL INFO ncclPollProxyResponse Received new opId=0x557stone:1966830:1966900 [0] NCCL INFO proxyProgressAsync opId=0x558db816be30 op.type=4 op.reqBuff=(nil) op.respSize=0 done
stone:1966830:1966900 [0] NCCL INFO Received and initiated operation=Connect res=0
stone:1966830:1966830 [0] NCCL INFO ncclPollProxyResponse Received new opId=0x558db816be30
stone:1966830:1966830 [0] NCCL INFO resp.opId=0x558db816be30 matches expected opId=0x558db816be30
stone:1966830:1966900 [0] NCCL INFO New proxy recv connection 43 from local rank 0, transport 4
stone:1966830:1966900 [0] NCCL INFO proxyProgressAsync opId=0x558db816be30 op.type=1 op.reqBuff=0x7f87a8009270 op.respSize=16 done
stone:1966830:1966900 [0] NCCL INFO Received and initiated operation=Init res=0
stone:1966830:1966830 [0] NCCL INFO ncclPollProxyResponse Received new opId=0x558db816be30
stone:1966830:1966830 [0] NCCL INFO resp.opId=0x558db816be30 matches expected opId=0x558db816be30
stone:1966830:1966830 [0] NCCL INFO Connected to proxy localRank 0 -> connection 0x7f87a8002148
stone:1966830:1966900 [0] NCCL INFO proxyProgressAsync opId=0x558db816be30 op.type=4 op.reqBuff=(nil) op.respSize=0 done
stone:1966830:1966900 [0] NCCL INFO Received and initiated operation=Connect res=0
stone:1966830:1966830 [0] NCCL INFO ncclPollProxyResponse Received new opId=0x558db816be30
stone:1966830:1966830 [0] NCCL INFO resp.opId=0x558db816be30 matches expected opId=0x558db816be30
stone:1966830:1966900 [0] NCCL INFO New proxy recv connection 44 from local rank 0, transport 4
stone:1966830:1966900 [0] NCCL INFO proxyProgressAsync opId=0x558db816be30 op.type=1 op.reqBuff=0x7f87a80094b0 op.respSize=16 done
stone:1966830:1966900 [0] NCCL INFO Received and initiated operation=Init res=0
stone:1966830:1966830 [0] NCCL INFO ncclPollProxyResponse Received new opId=0x558db816be30
stone:1966830:1966830 [0] NCCL INFO resp.opId=0x558db816be30 matches expected opId=0x558db816be30
stone:1966830:1966830 [0] NCCL INFO Connected to proxy localRank 0 -> connection 0x7f87a80021c0
stone:1966830:1966900 [0] NCCL INFO proxyProgressAsync opId=0x558db816be30 op.type=4 op.reqBuff=(nil) op.respSize=0 done
stone:1966830:1966900 [0] NCCL INFO Received and initiated operation=Connect res=0
stone:1966830:1966830 [0] NCCL INFO ncclPollProxyResponse Received new opId=0x558db816be30
stone:1966830:1966830 [0] NCCL INFO resp.opId=0x558db816be30 matches expected opId=0x558db816be30
stone:1966830:1966900 [0] NCCL INFO New proxy recv connection 45 from local rank 0, transport 4
stone:1966830:1966900 [0] NCCL INFO proxyProgressAsync opId=0x558db816be30 op.type=1 op.reqBuff=0x7f87a8009270 op.respSize=16 done
stone:1966830:1966900 [0] NCCL INFO Received and initiated operation=Init res=0
stone:1966830:1966830 [0] NCCL INFO ncclPollProxyResponse Received new opId=0x558db816be30
stone:1966830:1966830 [0] NCCL INFO resp.opId=0x558db816be30 matches expected opId=0x558db816be30
stone:1966830:1966830 [0] NCCL INFO Connected to proxy localRank 0 -> connection 0x7f87a8002238
stone:1966830:1966900 [0] NCCL INFO proxyProgressAsync opId=0x558db816be30 op.type=4 op.reqBuff=(nil) op.respSize=0 done
stone:1966830:1966900 [0] NCCL INFO Received and initiated operation=Connect res=0
stone:1966830:1966830 [0] NCCL INFO ncclPollProxyResponse Received new opId=0x558db816be30
stone:1966830:1966830 [0] NCCL INFO resp.opId=0x558db816be30 matches expected opId=0x558db816be30
stone:1966830:1966900 [0] NCCL INFO New proxy recv connection 46 from local rank 0, transport 4
stone:1966830:1966900 [0] NCCL INFO proxyProgressAsync opId=0x558db816be30 op.type=1 op.reqBuff=0x7f87a80094b0 op.respSize=16 done
stone:1966830:1966900 [0] NCCL INFO Received and initiated operation=Init res=0
stone:1966830:1966830 [0] NCCL INFO ncclPollProxyResponse Received new opId=0x558db816be30
stone:1966830:1966830 [0] NCCL INFO resp.opId=0x558db816be30 matches expected opId=0x558db816be30
stone:1966830:1966830 [0] NCCL INFO Connected to proxy localRank 0 -> connection 0x7f87a80022b0
stone:1966830:1966900 [0] NCCL INFO proxyProgressAsync opId=0x558db816be30 op.type=4 op.reqBuff=(nil) op.respSize=0 done
stone:1966830:1966900 [0] NCCL INFO Received and initiated operation=Connect res=0
stone:1966830:1966830 [0] NCCL INFO ncclPollProxyResponse Received new opId=0x558db816be30
stone:1966830:1966830 [0] NCCL INFO resp.opId=0x558db816be30 matches expected opId=0x558db816be30
stone:1966830:1966900 [0] NCCL INFO New proxy recv connection 47 from local rank 0, transport 4
stone:1966830:1966900 [0] NCCL INFO proxyProgressAsync opId=0x558db816be30 op.type=1 op.reqBuff=0x7f87a8009270 op.respSize=16 done
stone:1966830:1966900 [0] NCCL INFO Received and initiated operation=Init res=0
stone:1966830:1966830 [0] NCCL INFO ncclPollProxyResponse Received new opId=0x558db816be30
stone:1966830:1966830 [0] NCCL INFO resp.opId=0x558db816be30 matches expected opId=0x558db816be30
stone:1966830:1966830 [0] NCCL INFO Connected to proxy localRank 0 -> connection 0x7f87astone:19stone:1966830:1966900 [0] NCCL INFO proxyProgressAsync opId=0x558db816be30 op.type=4 op.reqBuff=(nil) op.respSize=0 done
stone:1966830:1966900 [0] NCCL INFO Received and initiated operation=Connect res=0
stone:1966830:1966830 [0] NCCL INFO ncclPollProxyResponse Received new opId=0x558db816be30
stone:1966830:1966830 [0] NCCL INFO resp.opId=0x558db816be30 matches expected opId=0x558db816be30
stone:1966830:1966900 [0] NCCL INFO New proxy recv connection 48 from local rank 0, transport 4
stone:1966830:1966900 [0] NCCL INFO proxyProgressAsync opId=0x558db816be30 op.type=1 op.reqBuff=0x7f87a80094b0 op.respSize=16 done
stone:1966830:1966900 [0] NCCL INFO Received and istone:1966831:1966897 [1] NCCL INFO New proxy recv connection 53 from local rank 1, transport 4
stone:1966831:1966897 [1] NCCL INFO proxyProgressAsync opId=0x5579b7a17dd0 op.type=1 op.reqBuff=0x7f8310009270 op.respSize=16 done
stone:1966831:1966831 [1] NCCL INFO ncclPollProxyResponse Received new opId=0x5579b7a17dd0
stone:1966831:1966897 [1] NCCL INFO Received and initiated operation=Init res=0
stone:1966831:1966831 [1] NCCL INFO resp.opId=0x5579b7a17dd0 matches expected opId=0x5579b7a17dd0
stone:1966831:1966831 [1] NCCL INFO Connected to proxy localRank 1 -> connection 0x7f83100025f8
stone:1966831:1966897 [1] NCCL INFO proxyProgressAsync opId=0x5579b7a17dd0 op.type=4 op.reqBuff=(nil) op.respSize=0 stone:1966830:1966900 [0] NCCL INFO New proxy recv connection 49 from local rank 0, transport 4
stone:1966830:1966900 [0] NCCL INFO proxyProgressAsync opId=0x558db816be30 op.type=1 op.reqBuff=0x7f87a8009270 op.respSize=16 done
stone:1966830:1966900 [0] NCCL INFO Received and istone:1966831:1966897 [1] NCCL INFO New proxy recv connection 54 from local rank 1, transport 4
stone:1966831:1966897 [1] NCCL INFO proxyProgressAsync opId=0x5579b7a17dd0 op.type=1 op.reqBuff=0x7f83100094b0 op.respSize=16 done
stone:1966831:1966897 [1] NCCL INFO Received and initiated operation=Init res=0
stone:1966831:1966831 [1] NCCL INFO ncclPollProxyResponse Received new opId=0x5579b7a17dd0
stone:1966831:1966831 [1] NCCL INFO resp.opId=0x5579b7a17dd0 matches expected opId=0x5579b7a17dd0
stone:1966831:1966831 [1] NCCL INFO Connected to proxy localRank 1 -> connection 0x7f8310002670
stone:1966831:1966897 [1] NCCL INFO proxyProgressAsync opId=0x5579b7a17dd0 op.type=4 op.reqBuff=(nil) op.respSize=0 stonestone:1966831:1966897 [1] NCCL INFO Received and initiated operation=Connect res=0
stone:1966831:1966831 [1] NCCL INFO ncclPollProxyResponse Received new opId=0x5579b7a17dd0
stone:1966831:1966831 [1] NCCL INFO resp.opId=0x5579b7a17dd0 matches expected opId=0x5579b7a17dd0
stone:1966831:1966897 [1] NCCL INFO New proxy recv connection 55 from local rank 1, transport 4
stone:1966831:1966897 [1] NCCL INFO proxyProgressAsync opId=0x5579b7a17dd0 op.type=1 op.reqBuff=0x7f8310009270 op.respSize=16 done
stone:1966831:1966897 [1] NCCL INFO Received and initiated operation=Init res=0
stone:1966831:1966831 [1] NCCL INFO ncclPollProxyResponse Received new opId=0x5579b7a17dd0
stone:1966831:1966831 [1] NCCL INFO resp.opId=0x5579b7a17dd0 matches expected opId=0x5579b7a17dd0
stone:1966831:1966831 [1] NCCL INFO Connected to proxy localRank 1 -> connection 0x7f83100026e8
stone:1966831:1966897 [1] NCCL INFO proxyProgressAsync opId=0x5579b7a17dd0 op.type=4 op.reqBuff=(nil) op.respSize=0 done
stone:1966831:1966897 [1] NCCL INFO Received and initiated operation=Connect res=0
stone:1966831:1966831 [1] NCCL INFO ncclPollProxyResponse Received new opId=0x5579b7a17dd0
stone:1966831:1966831 [1] NCCL INFO resp.opId=0x5579b7a17dd0 matches expected opId=0x5579b7a17dd0
stone:1966831:1966897 [1] NCCL INFO New proxy recv connection 56 from local rank 1, transport 4
stone:1966831:1966897 [1] NCCL INFO proxyProgressAsync opId=0x5579b7a17dd0 op.type=1 op.reqBuff=0x7f83100094b0 op.respSize=16 done
stone:1966831:1966897 [1] NCCL INFO Received and initiated operation=Init res=0
stone:1966831:1966831 [1] NCCL INFO ncclPollProxyResponse Received new opId=0x5579b7a17dd0
stone:1966831:1966831 [1] NCCL INFO resp.opId=0x5579b7a17dd0 matches expected opId=0x5579b7a17dd0
stone:1966831:1966831 [stone:1966830:1966830 [0] NCCL INFO ncclPollProxyResponse Received new opstone:1966831:1966897 [1] NCCL INFO proxyProgressAsync opId=0x5579b7a17dd0 op.type=4 op.reqBuff=(nil) op.respSize=0 done
