stone:1966831:1966831 [1] NCCL INFO resp.opId=0x5579b7a17dd0 matches expected opId=0x5579b7a17dd0
stone:1966831:1966831 [1] NCCL INFO Connected to proxy localRank 1 -> connection 0x7f8310003f48
stone:1966831:1966897 [1] NCCL INFO proxyProgressAsync opId=0x5579b7a17dd0 op.type=4 op.reqBuff=(nil) op.respSize=0 done
stone:1966831:1966897 [1] NCCL INFO Received and initiated operation=Connect res=0
stone:1966831:1966831 [1] NCCL INFO ncclPollProxyResponse Received new opId=0x5579b7a17dd0
stone:1966831:1966831 [1] NCCL INFO resp.opId=0x5579b7a17dd0 matches expected opId=0x5579b7a17dd0
stone:1966831:1966897 [1] NCCL INFO New proxy recv connection 108 from local rank 1, transport 4
stone:1966831:1966897 [1] NCCL INFO proxyProgressAsync opId=0x5579b7a17dd0 op.type=1 op.reqBuff=0x7f83100094b0 op.respSize=16 done
stone:1966831:1966897 [1] NCCL INFO Received and initiated operation=Init res=0
stone:1966831:1966831 [1] NCCL INFO ncclPollProxyResponse Received new opId=0x5579b7a17dd0
stone:1966831:1966831 [1] NCCL INFO resp.opId=0x5579b7a17dd0 matches expected opId=0x5579b7a17dd0
stone:1966831:1966831 [1] NCCL INFO Connected to proxy localRank 1 -> connection 0x7f8310003fc0
stone:1966831:1966897 [1] NCCL INFO proxyProgressAsync opId=0x5579b7a17dd0 op.type=4 op.reqBuff=(nil) op.respSize=0 done
stone:1966831:1966897 [1] NCCL INFO Received and initiated operation=Connect res=0
stone:1966831:1966831 [1] NCCL INFO ncclPollProxyResponse Received new opId=0x5579b7a17dd0
stone:1966831:1966831 [1] NCCL INFO resp.opId=0x5579b7a17dd0 matches expected opId=0x5579b7a17dd0
stone:1966831:1966897 [1] NCCL INFO New proxy recv connection 109 from local rank 1, transport 4
stone:1966831:1966897 [1] NCCL INFO proxyProgressAsync opId=0x5579b7a17dd0 op.type=1 op.reqBuff=0x7f8310009270 op.respSize=16 done
stone:1966831:1966897 [1] NCCL INFO Received and initiated operation=Init res=0
stone:1966831:1966831 [1] NCCL INFO ncclPollProxyResponse Received new opId=0x5579b7a17dd0
stone:1966831:1966831 [1] NCCL INFO resp.opId=0x5579b7a17dd0 matches expected opId=0x5579b7a17dd0
stone:1966831:1966831 [1] NCCL INFO Connected to proxy localRank 1 -> connection 0x7f8310004038
stone:1966831:1966897 [1] NCCL INFO proxyProgressAsync opId=0x5579b7a17dd0 op.type=4 op.reqBuff=(nil) op.respSize=0 done
stone:1966831:1966897 [1] NCCL INFO Received and initiated operation=Connect res=0
stone:1966831:1966831 [1] NCCL INFO ncclPollProxyResponse Received new opId=0x5579b7a17dd0
stone:1966831:1966831 [1] NCCL INFO resp.opId=0x5579b7a17dd0 matches expected opId=0x5579b7a17dd0
stone:1966831:1966897 [1] NCCL INFO New proxy recv connection 110 from local rank 1, transport 4
stone:1966831:1966897 [1] NCCL INFO proxyProgressAsync opId=0x5579b7a17dd0 op.type=1 op.reqBuff=0x7f83100094b0 op.respSize=16 done
stone:1966831:1966897 [1] NCCL INFO Received and initiated operation=Init res=0
stone:1966831:1966831 [1] NCCL INFO ncclPollProxyResponse Received new opId=0x5579b7a17dd0
stone:1966831:1966831 [1] NCCL INFO resp.opId=0x5579b7a17dd0 matches expected opId=0x5579b7a17dd0
stone:1966831:1966831 [1] NCCL INFO Connected to proxy localRank 1 -> connection 0x7f83100040b0
stone:1966831:1966897 [1] NCCL INFO proxyProgressAsync opId=0x5579b7a17dd0 op.type=4 op.reqBuff=(nil) op.respSize=0 done
stone:1966831:1966897 [1] NCCL INFO Received and initiated operation=Connect res=0
stone:1966831:1966831 [1] NCCL INFO ncclPollProxyResponse Received new opId=0x5579b7a17dd0
stone:1966831:1966831 [1] NCCL INFO resp.opId=0x5579b7a17dd0 matches expected opId=0x5579b7a17dd0
stone:1966831:1966897 [1] NCCL INFO New proxy recv connection 111 from local rank 1, transport 4
stone:1966831:1966897 [1] NCCL INFO proxyProgressAsync opId=0x5579b7a17dd0 op.type=1 op.reqBuff=0x7f8310009270 op.respSize=16 done
stone:1966831:1966897 [1] NCCL INFO Received and initiated operation=Init res=0
stone:1966831:1966831 [1] NCCL INFO ncclPollProxyResponse Received new opId=0x5579b7a17dd0
stone:1966831:1966831 [1] NCCL INFO resp.opId=0x5579b7a17dd0 matches expected opId=0x5579b7a17dd0
stone:1966831:1966831 [1] NCCL INFO Connected to proxy localRank 1 -> connection 0x7f8310004128
stone:1966831:1966897 [1] NCCL INFO proxyProgressAsync opId=0x5579b7a17dd0 op.type=4 op.reqBuff=(nil) op.respSize=0 done
stone:1966831:1966897 [1] NCCL INFO Received and initiated operation=Connect res=0
stone:1966831:1966831 [1] NCCL INFO ncclPollProxyResponse Received new opId=0x5579b7a17dd0
stone:1966831:1966831 [1] NCCL INFO resp.opId=0x5579b7a17dd0 matches expected opId=0x5579b7a17dd0
stone:1966831:1966897 [1] NCCL INFO New proxy recv connection 112 from local rank 1, transport 4
stone:1966831:1966897 [1] NCCL INFO proxyProgressAsync opId=0x5579b7a17dd0 op.type=1 op.reqBuff=0x7f83100094b0 op.respSize=16 done
stone:1966831:1966897 [1] NCCL INFO Received and initiated operation=Init res=0
stone:1966831:1966831 [1] NCCL INFO ncclPollProxyResponse Received new opId=0x5579b7a17dd0
stone:1966831:1966831 [1] NCCL INFO resp.opId=0x5579b7a17dd0 matches expected opId=0x5579b7a17dd0
stone:1966831:1966831 [1] NCCL INFO Connected to proxy localRank 1 -> connection 0x7f83100041a0
stone:1966831:1966897 [1] NCCL INFO proxyProgressAsync opId=0x5579b7a17dd0 op.type=4 op.reqBuff=(nil) op.respSize=0 done
stone:1966831:1966897 [1] NCCL INFO Received and initiated operation=Connect res=0
stone:1966831:1966831 [1] NCCL INFO ncclPollProxyResponse Received new opId=0x5579b7a17dd0
stone:1966831:1966831 [1] NCCL INFO resp.opId=0x5579b7a17dd0 matches expected opId=0x5579b7a17dd0
stone:1966831:1966897 [1] NCCL INFO New proxy recv connection 113 from local rank 1, transport 4
stone:1966831:1966897 [1] NCCL INFO proxyProgressAsync opId=0x5579b7a17dd0 op.type=1 op.reqBuff=0x7f8310009270 op.respSize=16 done
stone:1966831:1966897 [1] NCCL INFO Received and initiated operation=Init res=0
stone:1966831:1966831 [1] NCCL INFO ncclPollProxyResponse Received new opId=0x5579b7a17dd0
stone:1966831:1966831 [1] NCCL INFO resp.opId=0x5579b7a17dd0 matches expected opId=0x5579b7a17dd0
stone:1966831:1966831 [1] NCCL INFO Connected to proxy localRank 1 -> connection 0x7f8310004218
stone:1966831:1966897 [1] NCCL INFO proxyProgressAsync opId=0x5579b7a17dd0 op.type=4 op.reqBuff=(nil) op.respSize=0 done
stone:1966831:1966897 [1] NCCL INFO Received and initiated operation=Connect res=0
stone:1966831:1966831 [1] NCCL INFO ncclPollProxyResponse Received new opId=0x5579b7a17dd0
stone:1966831:1966831 [1] NCCL INFO resp.opId=0x5579b7a17dd0 matches expected opId=0x5579b7a17dd0
stone:1966831:1966897 [1] NCCL INFO New proxy recv connection 114 from local rank 1, transport 4
stone:1966831:1966897 [1] NCCL INFO proxyProgressAsync opId=0x5579b7a17dd0 op.type=1 op.reqBuff=0x7f83100094b0 op.respSize=16 done
stone:1966831:1966897 [1] NCCL INFO Received and initiated operation=Init res=0
stone:1966831:1966831 [1] NCCL INFO ncclPollProxyResponse Received new opId=0x5579b7a17dd0
stone:1966831:1966831 [1] NCCL INFO resp.opId=0x5579b7a17dd0 matches expected opId=0x5579b7a17dd0
stone:1966831:1966831 [1] NCCL INFO Connected to proxy localRank 1 -> connection 0x7f8310004290
stone:1966831:1966897 [1] NCCL INFO proxyProgressAsync opId=0x5579b7a17dd0 op.type=4 op.reqBuff=(nil) op.respSize=0 done
stone:1966831:1966897 [1] NCCL INFO Received and initiated operation=Connect res=0
stone:1966831:1966831 [1] NCCL INFO ncclPollProxyResponse Received new opId=0x5579b7a17dd0
stone:1966831:1966831 [1] NCCL INFO resp.opId=0x5579b7a17dd0 matches expected opId=0x5579b7a17dd0
stone:1966831:1966897 [1] NCCL INFO New proxy recv connection 115 from local rank 1, transport 4
stone:1966831:1966897 [1] NCCL INFO proxyProgressAsync opId=0x5579b7a17dd0 op.type=1 op.reqBuff=0x7f8310009270 op.respSize=16 done
stone:1966831:1966897 [1] NCCL INFO Received and initiated operation=Init res=0
stone:1966831:1966831 [1] NCCL INFO ncclPollProxyResponse Received new opId=0x5579b7a17dd0
stone:1966831:1966831 [1] NCCL INFO resp.opId=0x5579b7a17dd0 matches expected opId=0x5579b7a17dd0
stone:1966831:1966831 [1] NCCL INFO Connected to proxy localRank 1 -> connection 0x7f8310004308
stone:1966831:1966897 [1] NCCL INFO proxyProgressAsync opId=0x5579b7a17dd0 op.type=4 op.reqBuff=(nil) op.respSize=0 done
stone:1966831:1966897 [1] NCCL INFO Received and initiated operation=Connect res=0
stone:1966831:1966831 [1] NCCL INFO ncclPollProxyResponse Received new opId=0x5579b7a17dd0
stone:1966831:1966831 [1] NCCL INFO resp.opId=0x5579b7a17dd0 matches expected opId=0x5579b7a17dd0
stone:1966831:1966897 [1] NCCL INFO New proxy recv connection 116 from local rank 1, transport 4
stone:1966831:1966897 [1] NCCL INFO proxyProgressAsync opId=0x5579b7a17dd0 op.type=1 op.reqBuff=0x7f83100094b0 op.respSize=16 done
stone:1966831:1966897 [1] NCCL INFO Received and initiated operation=Init res=0
stone:1966831:1966831 [1] NCCL INFO ncclPollProxyResponse Received new opId=0x5579b7a17dd0
stone:1966831:1966831 [1] NCCL INFO resp.opId=0x5579b7a17dd0 matches expected opId=0x5579b7a17dd0
stone:1966831:1966831 [1] NCCL INFO Connected to proxy localRank 1 -> connection 0x7f8310004380
stone:1966831:1966897 [1] NCCL INFO proxyProgressAsync opId=0x5579b7a17dd0 op.type=4 op.reqBuff=(nil) op.respSize=0 done
stone:1966831:1966897 [1] NCCL INFO Received and initiated operation=Connect res=0
stone:1966831:1966831 [1] NCCL INFO ncclPollProxyResponse Received new opId=0x5579b7a17dd0
stone:1966831:1966831 [1] NCCL INFO resp.opId=0x5579b7a17dd0 matches expected opId=0x5579b7a17dd0
stone:1966831:1966897 [1] NCCL INFO New proxy recv connection 117 from local rank 1, transport 4
stone:1966831:1966897 [1] NCCL INFO proxyProgressAsync opId=0x5579b7a17dd0 op.type=1 op.reqBuff=0x7f8310009270 op.respSize=16 done
stone:1966831:1966897 [1] NCCL INFO Received and initiated operation=Init res=0
stone:1966831:1966831 [1] NCCL INFO ncclPollProxyResponse Received new opId=0x5579b7a17dd0
stone:1966831:1966831 [1] NCCL INFO resp.opId=0x5579b7a17dd0 matches expected opId=0x5579b7a17dd0
stone:1966831:1966831 [1] NCCL INFO Connected to proxy localRank 1 -> connection 0x7f83100043f8
stone:1966831:1966897 [1] NCCL INFO proxyProgressAsync opId=0x5579b7a17dd0 op.type=4 op.reqBuff=(nil) op.respSize=0 done
stone:1966831:1966897 [1] NCCL INFO Received and initiated operation=Connect res=0
stone:1966831:1966831 [1] NCCL INFO ncclPollProxyResponse Received new opId=0x5579b7a17dd0
stone:1966831:1966831 [1] NCCL INFO resp.opId=0x5579b7a17dd0 matches expected opId=0x5579b7a17dd0
stone:1966831:1966897 [1] NCCL INFO New proxy recv connection 118 from local rank 1, transport 4
stone:1966831:1966897 [1] NCCL INFO proxyProgressAsync opId=0x5579b7a17dd0 op.type=1 op.reqBuff=0x7f83100094b0 op.respSize=16 done
stone:1966831:1966897 [1] NCCL INFO Received and initiated operation=Init res=0
stone:1966831:1966831 [1] NCCL INFO ncclPollProxyResponse Received new opId=0x5579b7a17dd0
stone:1966831:1966831 [1] NCCL INFO resp.opId=0x5579b7a17dd0 matches expected opId=0x5579b7a17dd0
stone:1966831:1966831 [1] NCCL INFO Connected to proxy localRank 1 -> connection 0x7f8310004470
stone:1966831:1966897 [1] NCCL INFO proxyProgressAsync opId=0x5579b7a17dd0 op.type=4 op.reqBuff=(nil) op.respSize=0 done
stone:1966831:1966897 [1] NCCL INFO Received and initiated operation=Connect res=0
stone:1966831:1966831 [1] NCCL INFO ncclPollProxyResponse Received new opId=0x5579b7a17dd0
stone:1966831:1966831 [1] NCCL INFO resp.opId=0x5579b7a17dd0 matches expected opId=0x5579b7a17dd0
stone:1966831:1966897 [1] NCCL INFO New proxy recv connection 119 from local rank 1, transport 4
stone:1966831:1966897 [1] NCCL INFO proxyProgressAsync opId=0x5579b7a17dd0 op.type=1 op.reqBuff=0x7f8310009270 op.respSize=16 done
stone:1966831:1966897 [1] NCCL INFO Received and initiated operation=Init res=0
stone:1966831:1966831 [1] NCCL INFO ncclPollProxyResponse Received new opId=0x5579b7a17dd0
stone:1966831:1966831 [1] NCCL INFO resp.opId=0x5579b7a17dd0 matches expected opId=0x5579b7a17dd0
stone:1966831:1966831 [1] NCCL INFO Connected to proxy localRank 1 -> connection 0x7f83100044e8
stone:1966831:1966897 [1] NCCL INFO proxyProgressAsync opId=0x5579b7a17dd0 op.type=4 op.reqBuff=(nil) op.respSize=0 done
stone:1966831:1966897 [1] NCCL INFO Received and initiated operation=Connect res=0
stone:1966831:1966831 [1] NCCL INFO ncclPollProxyResponse Received new opId=0x5579b7a17dd0
stone:1966831:1966831 [1] NCCL INFO resp.opId=0x5579b7a17dd0 matches expected opId=0x5579b7a17dd0
stone:1966831:1966897 [1] NCCL INFO New proxy recv connection 120 from local rank 1, transport 4
stone:1966831:1966897 [1] NCCL INFO proxyProgressAsync opId=0x5579b7a17dd0 op.type=1 op.reqBuff=0x7f83100094b0 op.respSize=16 done
stone:1966831:1966897 [1] NCCL INFO Received and initiated operation=Init res=0
stone:1966831:1966831 [1] NCCL INFO ncclPollProxyResponse Received new opId=0x5579b7a17dd0
stone:1966831:1966831 [1] NCCL INFO resp.opId=0x5579b7a17dd0 matches expected opId=0x5579b7a17dd0
stone:1966831:1966831 [1] NCCL INFO Connected to proxy localRank 1 -> connection 0x7f8310004560
stone:1966831:1966897 [1] NCCL INFO proxyProgressAsync opId=0x5579b7a17dd0 op.type=4 op.reqBuff=(nil) op.respSize=0 done
stone:1966831:1966897 [1] NCCL INFO Received and initiated operation=Connect res=0
stone:1966831:1966831 [1] NCCL INFO ncclPollProxyResponse Received new opId=0x5579b7a17dd0
stone:1966831:1966831 [1] NCCL INFO resp.opId=0x5579b7a17dd0 matches expected opId=0x5579b7a17dd0
stone:1966831:1966897 [1] NCCL INFO New proxy recv connection 121 from local rank 1, transport 4
stone:1966831:1966897 [1] NCCL INFO proxyProgressAsync opId=0x5579b7a17dd0 op.type=1 op.reqBuff=0x7f8310009270 op.respSize=16 done
stone:1966831:1966897 [1] NCCL INFO Received and initiated operation=Init res=0
stone:1966831:1966831 [1] NCCL INFO ncclPollProxyResponse Received new opId=0x5579b7a17dd0
stone:1966831:1966831 [1] NCCL INFO resp.opId=0x5579b7a17dd0 matches expected opId=0x5579b7a17dd0
stone:1966831:1966831 [1] NCCL INFO Connected to proxy localRank 1 -> connection 0x7f83100045d8
stone:1966831:1966897 [1] NCCL INFO proxyProgressAsync opId=0x5579b7a17dd0 op.type=4 op.reqBuff=(nil) op.respSize=0 done
stone:1966831:1966897 [1] NCCL INFO Received and initiated operation=Connect res=0
stone:1966831:1966831 [1] NCCL INFO ncclPollProxyResponse Received new opId=0x5579b7a17dd0
stone:1966831:1966831 [1] NCCL INFO resp.opId=0x5579b7a17dd0 matches expected opId=0x5579b7a17dd0
stone:1966831:1966897 [1] NCCL INFO New proxy recv connection 122 from local rank 1, transport 4
stone:1966831:1966897 [1] NCCL INFO proxyProgressAsync opId=0x5579b7a17dd0 op.type=1 op.reqBuff=0x7f83100094b0 op.respSize=16 done
stone:1966831:1966897 [1] NCCL INFO Received and initiated operation=Init res=0
stone:1966831:1966831 [1] NCCL INFO ncclPollProxyResponse Received new opId=0x5579b7a17dd0
stone:1966831:1966831 [1] NCCL INFO resp.opId=0x5579b7a17dd0 matches expected opId=0x5579b7a17dd0
stone:1966831:1966831 [1] NCCL INFO Connected to proxy localRank 1 -> connection 0x7f8310004650
stone:1966831:1966897 [1] NCCL INFO proxyProgressAsync opId=0x5579b7a17dd0 op.type=4 op.reqBuff=(nil) op.respSize=0 done
stone:1966831:1966897 [1] NCCL INFO Received and initiated operation=Connect res=0
stone:1966831:1966831 [1] NCCL INFO ncclPollProxyResponse Received new opId=0x5579b7a17dd0
stone:1966831:1966831 [1] NCCL INFO resp.opId=0x5579b7a17dd0 matches expected opId=0x5579b7a17dd0
stone:1966831:1966897 [1] NCCL INFO New proxy recv connection 123 from local rank 1, transport 4
stone:1966831:1966897 [1] NCCL INFO proxyProgressAsync opId=0x5579b7a17dd0 op.type=1 op.reqBuff=0x7f8310009270 op.respSize=16 done
stone:1966831:1966897 [1] NCCL INFO Received and initiated operation=Init res=0
stone:1966831:1966831 [1] NCCL INFO ncclPollProxyResponse Received new opId=0x5579b7a17dd0
stone:1966831:1966831 [1] NCCL INFO resp.opId=0x5579b7a17dd0 matches expected opId=0x5579b7a17dd0
stone:1966831:1966831 [1] NCCL INFO Connected to proxy localRank 1 -> connection 0x7f83100046c8
stone:1966831:1966897 [1] NCCL INFO proxyProgressAsync opId=0x5579b7a17dd0 op.type=4 op.reqBuff=(nil) op.respSize=0 done
stone:1966831:1966897 [1] NCCL INFO Received and initiated operation=Connect res=0
stone:1966831:1966831 [1] NCCL INFO ncclPollProxyResponse Received new opId=0x5579b7a17dd0
stone:1966831:1966831 [1] NCCL INFO resp.opId=0x5579b7a17dd0 matches expected opId=0x5579b7a17dd0
stone:1966831:1966897 [1] NCCL INFO New proxy recv connection 124 from local rank 1, transport 4
stone:1966831:1966897 [1] NCCL INFO proxyProgressAsync opId=0x5579b7a17dd0 op.type=1 op.reqBuff=0x7f83100094b0 op.respSize=16 done
stone:1966831:1966897 [1] NCCL INFO Received and initiated operation=Init res=0
stone:1966831:1966831 [1] NCCL INFO ncclPollProxyResponse Received new opId=0x5579b7a17dd0
stone:1966831:1966831 [1] NCCL INFO resp.opId=0x5579b7a17dd0 matches expected opId=0x5579b7a17dd0
stone:1966831:1966831 [1] NCCL INFO Connected to proxy localRank 1 -> connection 0x7f8310004740
stone:1966831:1966897 [1] NCCL INFO proxyProgressAsync opId=0x5579b7a17dd0 op.type=4 op.reqBuff=(nil) op.respSize=0 done
stone:1966831:1966897 [1] NCCL INFO Received and initiated operation=Connect res=0
stone:1966831:1966831 [1] NCCL INFO ncclPollProxyResponse Received new opId=0x5579b7a17dd0
stone:1966831:1966831 [1] NCCL INFO resp.opId=0x5579b7a17dd0 matches expected opId=0x5579b7a17dd0
stone:1966831:1966897 [1] NCCL INFO New proxy recv connection 125 from local rank 1, transport 4
stone:1966831:1966897 [1] NCCL INFO proxyProgressAsync opId=0x5579b7a17dd0 op.type=1 op.reqBuff=0x7f8310009270 op.respSize=16 done
stone:1966831:1966897 [1] NCCL INFO Received and initiated operation=Init res=0
stone:1966831:1966831 [1] NCCL INFO ncclPollProxyResponse Received new opId=0x5579b7a17dd0
stone:1966831:1966831 [1] NCCL INFO resp.opId=0x5579b7a17dd0 matches expected opId=0x5579b7a17dd0
stone:1966831:1966831 [1] NCCL INFO Connected to proxy localRank 1 -> connection 0x7f83100047b8
stone:1966831:1966897 [1] NCCL INFO proxyProgressAsync opId=0x5579b7a17dd0 op.type=4 op.reqBuff=(nil) op.respSize=0 done
stone:1966831:1966897 [1] NCCL INFO Received and initiated operation=Connect res=0
stone:1966831:1966831 [1] NCCL INFO ncclPollProxyResponse Received new opId=0x5579b7a17dd0
stone:1966831:1966831 [1] NCCL INFO resp.opId=0x5579b7a17dd0 matches expected opId=0x5579b7a17dd0
stone:1966831:1966897 [1] NCCL INFO New proxy recv connection 126 from local rank 1, transport 4
stone:1966831:1966897 [1] NCCL INFO proxyProgressAsync opId=0x5579b7a17dd0 op.type=1 op.reqBuff=0x7f83100094b0 op.respSize=16 done
stone:1966831:1966897 [1] NCCL INFO Received and initiated operation=Init res=0
stone:1966831:1966831 [1] NCCL INFO ncclPollProxyResponse Received new opId=0x5579b7a17dd0
stone:1966831:1966831 [1] NCCL INFO resp.opId=0x5579b7a17dd0 matches expected opId=0x5579b7a17dd0
stone:1966831:1966831 [1] NCCL INFO Connected to proxy localRank 1 -> connection 0x7f8310004830
stone:1966831:1966897 [1] NCCL INFO proxyProgressAsync opId=0x5579b7a17dd0 op.type=4 op.reqBuff=(nil) op.respSize=0 done
stone:1966831:1966897 [1] NCCL INFO Received and initiated operation=Connect res=0
stone:1966831:1966831 [1] NCCL INFO ncclPollProxyResponse Received new opId=0x5579b7a17dd0
stone:1966831:1966831 [1] NCCL INFO resp.opId=0x5579b7a17dd0 matches expected opId=0x5579b7a17dd0
stone:1966831:1966897 [1] NCCL INFO New proxy recv connection 127 from local rank 1, transport 4
stone:1966831:1966897 [1] NCCL INFO proxyProgressAsync opId=0x5579b7a17dd0 op.type=1 op.reqBuff=0x7f8310009270 op.respSize=16 done
stone:1966831:1966897 [1] NCCL INFO Received and initiated operation=Init res=0
stone:1966831:1966831 [1] NCCL INFO ncclPollProxyResponse Received new opId=0x5579b7a17dd0
stone:1966831:1966831 [1] NCCL INFO resp.opId=0x5579b7a17dd0 matches expected opId=0x5579b7a17dd0
stone:1966831:1966831 [1] NCCL INFO Connected to proxy localRank 1 -> connection 0x7f83100048a8
stone:1966831:1966897 [1] NCCL INFO proxyProgressAsync opId=0x5579b7a17dd0 op.type=4 op.reqBuff=(nil) op.respSize=0 done
stone:1966831:1966897 [1] NCCL INFO Received and initiated operation=Connect res=0
stone:1966831:1966831 [1] NCCL INFO ncclPollProxyResponse Received new opId=0x5579b7a17dd0
stone:1966831:1966831 [1] NCCL INFO resp.opId=0x5579b7a17dd0 matches expected opId=0x5579b7a17dd0
stone:1966831:1966897 [1] NCCL INFO Mem Realloc old size 8, new size 16 pointer 0x7f8310009250
stone:1966831:1966897 [1] NCCL INFO New proxy recv connection 128 from local rank 1, transport 4
stone:1966831:1966897 [1] NCCL INFO proxyProgressAsync opId=0x5579b7a17dd0 op.type=1 op.reqBuff=0x7f83100094b0 op.respSize=16 done
stone:1966831:1966897 [1] NCCL INFO Received and initiated operation=Init res=0
stone:1966831:1966831 [1] NCCL INFO ncclPollProxyResponse Received new opId=0x5579b7a17dd0
stone:1966831:1966831 [1] NCCL INFO resp.opId=0x5579b7a17dd0 matches expected opId=0x5579b7a17dd0
stone:1966831:1966831 [1] NCCL INFO Connected to proxy localRank 1 -> connection 0x7f8310009510
stone:1966831:1966897 [1] NCCL INFO proxyProgressAsync opId=0x5579b7a17dd0 op.type=4 op.reqBuff=(nil) op.respSize=0 done
stone:1966831:1966897 [1] NCCL INFO Received and initiated operation=Connect res=0
stone:1966831:1966831 [1] NCCL INFO ncclPollProxyResponse Received new opId=0x5579b7a17dd0
stone:1966831:1966831 [1] NCCL INFO resp.opId=0x5579b7a17dd0 matches expected opId=0x5579b7a17dd0
stone:1966831:1966897 [1] NCCL INFO New proxy recv connection 129 from local rank 1, transport 4
stone:1966831:1966897 [1] NCCL INFO proxyProgressAsync opId=0x5579b7a17dd0 op.type=1 op.reqBuff=0x7f8310009270 op.respSize=16 done
stone:1966831:1966831 [1] NCCL INFO ncclPollProxyResponse Received new opId=0x5579b7a17dd0
stone:1966831:1966831 [1] NCCL INFO resp.opId=0x5579b7a17dd0 matches expected opId=0x5579b7a17dd0
stone:1966831:1966831 [1] NCCL INFO Connected to proxy localRank 1 -> connection 0x7f8310009588
stone:1966831:1966897 [1] NCCL INFO Received and initiated operation=Init res=0
stone:1966831:1966897 [1] NCCL INFO proxyProgressAsync opId=0x5579b7a17dd0 op.type=4 op.reqBuff=(nil) op.respSize=0 done
stone:1966831:1966897 [1] NCCL INFO Received and initiated operation=Connect res=0
stone:1966831:1966831 [1] NCCL INFO ncclPollProxyResponse Received new opId=0x5579b7a17dd0
stone:1966831:1966831 [1] NCCL INFO resp.opId=0x5579b7a17dd0 matches expected opId=0x5579b7a17dd0
stone:1966831:1966897 [1] NCCL INFO New proxy recv connection 130 from local rank 1, transport 4
stone:1966831:1966897 [1] NCCL INFO proxyProgressAsync opId=0x5579b7a17dd0 op.type=1 op.reqBuff=0x7f83100094b0 op.respSize=16 done
stone:1966831:1966897 [1] NCCL INFO Received and initiated operation=Init res=0
stone:1966831:1966831 [1] NCCL INFO ncclPollProxyResponse Received new opId=0x5579b7a17dd0
stone:1966831:1966831 [1] NCCL INFO resp.opId=0x5579b7a17dd0 matches expected opId=0x5579b7a17dd0
stone:1966831:1966831 [1] NCCL INFO Connected to proxy localRank 1 -> connection 0x7f8310009600
stone:1966831:1966897 [1] NCCL INFO proxyProgressAsync opId=0x5579b7a17dd0 op.type=4 op.reqBuff=(nil) op.respSize=0 done
stone:1966831:1966897 [1] NCCL INFO Received and initiated operation=Connect res=0
stone:1966831:1966831 [1] NCCL INFO ncclPollProxyResponse Received new opId=0x5579b7a17dd0
stone:1966831:1966831 [1] NCCL INFO resp.opId=0x5579b7a17dd0 matches expected opId=0x5579b7a17dd0
stone:1966831:1966897 [1] NCCL INFO New proxy recv connection 131 from local rank 1, transport 4
stone:1966831:1966897 [1] NCCL INFO proxyProgressAsync opId=0x5579b7a17dd0 op.type=1 op.reqBuff=0x7f8310009270 op.respSize=16 done
stone:1966831:1966831 [1] NCCL INFO ncclPollProxyResponse Received new opId=0x5579b7a17dd0
stone:1966831:1966897 [1] NCCL INFO Received and initiated operation=Init res=0
stone:1966831:1966831 [1] NCCL INFO resp.opId=0x5579b7a17dd0 matches expected opId=0x5579b7a17dd0
stone:1966831:1966831 [1] NCCL INFO Connected to proxy localRank 1 -> connection 0x7f8310009678
stone:1966831:1966897 [1] NCCL INFO proxyProgressAsync opId=0x5579b7a17dd0 op.type=4 op.reqBuff=(nil) op.respSize=0 done
stone:1966831:1966897 [1] NCCL INFO Received and initiated operation=Connect res=0
stone:1966831:1966831 [1] NCCL INFO ncclPollProxyResponse Received new opId=0x5579b7a17dd0
stone:1966831:1966831 [1] NCCL INFO resp.opId=0x5579b7a17dd0 matches expected opId=0x5579b7a17dd0
stone:1966831:1966831 [1] NCCL INFO AllReduce: opCount 1 sendbuff 0x40a000000 recvbuff 0x44a000000 count 33554432 datatype 2 op 0 root 0 comm 0x5579b3dba210 [nranks=2] stream 0x5579b3283a30
stone:1966831:1966831 NCCL CALL ncclAllReduce(40a000000,44a000000,33554432,2,0,0,0x5579b3dba210,0x5579b3283a30)
stone:1966831:1966831 [1] NCCL INFO AllReduce: opCount 2 sendbuff 0x412000000 recvbuff 0x452000000 count 33554432 datatype 2 op 0 root 0 comm 0x5579b3dba210 [nranks=2] stream 0x5579b3283a30
stone:1966831:1966831 NCCL CALL ncclAllReduce(412000000,452000000,33554432,2,0,0,0x5579b3dba210,0x5579b3283a30)
stone:1966831:1966831 [1] NCCL INFO AllReduce: opCount 3 sendbuff 0x41a000000 recvbuff 0x45a000000 count 33554432 datatype 2 op 0 root 0 comm 0x5579b3dba210 [nranks=2] stream 0x5579b3283a30
stone:1966831:1966831 NCCL CALL ncclAllReduce(41a000000,45a000000,33554432,2,0,0,0x5579b3dba210,0x5579b3283a30)
stone:1966831:1966831 [1] NCCL INFO AllReduce: opCount 4 sendbuff 0x422000000 recvbuff 0x462000000 count 33554432 datatype 2 op 0 root 0 comm 0x5579b3dba210 [nranks=2] stream 0x5579b3283a30
stone:1966831:1966831 NCCL CALL ncclAllReduce(422000000,462000000,33554432,2,0,0,0x5579b3dba210,0x5579b3283a30)
stone:1966831:1966831 [1] NCCL INFO AllReduce: opCount 5 sendbuff 0x42a000000 recvbuff 0x46a000000 count 33554432 datatype 2 op 0 root 0 comm 0x5579b3dba210 [nranks=2] stream 0x5579b3283a30
stone:1966831:1966831 NCCL CALL ncclAllReduce(42a000000,46a000000,33554432,2,0,0,0x5579b3dba210,0x5579b3283a30)
stone:1966831:stone:1966829:1966829 [1] NCCL INFO AllReduce: opCount a sendbuff 0x402000000 recvbuff 0x442000000 count 67108864 datatype 2 op 0 root 0 comm 0x564d44f89290 [nranks=2] stream 0x564d44451f70
stone:1966829:1966829 NCCL CALL ncclAllReduce(402000000,442000000,67108864,2,0,0,0x564d44f89290,0x564d44451f70)
stone:1966829:1966829 [1] NCCL INFO AllReduce: opCount b sendbuff 0x412000000 recvbuff 0x452000000 count 67108864 datatype 2 op 0 root 0 comm 0x564d44f89290 [nranks=2] stream 0x564d44451f70
stone:1966829:1966829 NCCL CALL ncclAllReduce(412000000,452000000,67108864,2,0,0,0x564d44f89290,0x564d44451f70)
stone:1966829:1966829 [1] NCCL INFO AllReduce: opCount c sendbuff 0x422000000 recvbuff 0x462000000 count 67108864 datatype 2 op 0 root 0 comm 0x564d44f89290 [nranks=2] stream 0x564d44451f70
stone:1966829:1966829 NCCL CALL ncclAllReduce(422000000,462000000,67108864,2,0,0,0x564d44f89290,0x564d44451f70)
stone:1966829:1966829 [1] NCCL INFO AllReduce: opCount d sendbuff 0x432000000 recvbuff 0x472000000 count 67108864 datatype 2 op 0 root 0 comm 0x564d44f89290 [nranks=2] stream 0x564d44451f70
stone:1966829:1966829 NCCL CALL ncclAllReduce(432000000,472000000,67108864,2,0,0,0x564d44f89290,0xstone:1966831:1966831 [1] NCCL INFO AllReduce: opCount a sendbuff 0x402000000 recvbuff 0x442000000 count 67108864 datatype 2 op 0 root 0 comm 0x5579b3dba210 [nranks=2] stream 0x5579b3283a30
stone:1966831:1966831 NCCL CALL ncclAllReduce(402000000,442000000,67108864,2,0,0,0x5579b3dba210,0x5579b3283a30)
stone:1966831:1966831 [1] NCCL INFO AllReduce: opCount b sendbuff 0x412000000 recvbuff 0x452000000 count 67108864 datatype 2 op 0 root 0 comm 0x5579b3dba210 [nranks=2] stream 0x5579b3283a30
stone:1966831:1966831 NCCL CALL ncclAllReduce(412000000,452000000,67108864,2,0,0,0x5579b3dba210,0x5579b3283a30)
stone:1966831:1966831 [1] NCCL INFO AllReduce: opCount c sendbuff 0x422000000 recvbuff 0x462000000 count 67108864 datatype 2 op 0 root 0 comm 0x5579b3dba210 [nranks=2] stream 0x5579b3283a30
stone:1966831:1966831 NCCL CALL ncclAllReduce(422000000,462000000,67108864,2,0,0,0x5579b3dba210,0x5579b3283a30)
stone:1966831:1966831 [1] NCCL INFO AllReduce: opCount d sendbuff 0x432000000 recvbuff 0x472000000 count 67108864 datatype 2 op 0 root 0 comm 0x5579b3dba210 [nranks=2] stream 0x5579b3283a30
stone:1966831:1966831 NCCL CALL ncclAllReduce(432000000,472000000,67108864,2,0,0,0x5579b3dba210,0x5579b3283a30)
stone:1966831:1966831 [1] NCCL INFO AllReduce: opCount e sendbuff 0x402000000 recvbuff 0x442000000 count 67108864 datatype 2 op 0 root 0 comm 0x5579b3dba210 [nranks=2] stream 0x5579b3283a30
stone:1966831:1966831 NCCL CALL ncclAllReduce(402000000,442000000,67108864,2,0,0,0x5579b3dba210,0x5579b3283a30)
stone:1966831:1966831 [1] NCCL INFO AllReduce: opCount f sendbuff 0x412000000 recvbuff 0x452000000 count 67108864 datatype 2 op 0 root 0 comm 0x5579b3dba210 [nranks=2] stream 0x5579b3283a30
stone:1966831:1966831 NCCL CALL ncclAllReduce(412000000,452000000,67108864,2,0,0,0x5579b3dba210,0x5579b3283a30)
stone:1966831:1966stone:1966829:1966829 [1] NCCL INFO AllReduce: opCount 14 sendbuff 0x402000000 recvbuff 0x442000000 count 134217728 datatype 2 op 0 root 0 comm 0x564d44f89290 [nranks=2] stream 0x564d44451f70
stone:1966829:1966829 NCCL CALL ncclAllReduce(402000000,442000000,134217728,2,0,0,0x564d44f89290,0x564d44451f70)
stone:1966829:1966829 [1] NCCL INFO AllReduce: opCount 15 sendbuff 0x422000000 recvbuff 0x462000000 count 134217728 datatype 2 op 0 root 0 comm 0x564d44f89290 [nranks=2] stream 0x564d44451f70
stone:1966829:1966829 NCCL CALL ncclAllReduce(422000000,462000000,134217728,2,0,0,0x564d44f89290,0x564d44451f70)
stone:1966829:1966829 [1] NCCL INFO AllReduce: opCount 16 sendbuff 0x402000000 recvbuff 0x442000000 count 134217728 datatype 2 op 0 root 0 comm 0x564d44f89290 [nranks=2] stream 0x564d44451f70
stone:1966829:1966829 NCCL CALL ncclAllReduce(402000000,442000000,134217728,2,0,0,0x564d44f89290,0x564d44451f70)
stone:1966829:1966829 [1] NCCL INFO AllReduce: opCount 17 sendbuff 0x422000000 recvbuff 0x462000000 count 134217728 datatype 2 op 0 root 0 comm 0x564d44f89290 [nranks=2] stream 0x564d44451f70
stone:1966829:1966829 NCCL CALL ncclAllReduce(422000000,462000000,134217728,2,0,0,0x564stone:1966831:1966831 [1] NCCL INFO AllReduce: opCount 14 sendbuff 0x402000000 recvbuff 0x442000000 count 134217728 datatype 2 op 0 root 0 comm 0x5579b3dba210 [nranks=2] stream 0x5579b3283a30
stone:1966831:1966831 NCCL CALL ncclAllReduce(402000000,442000000,134217728,2,0,0,0x5579b3dba210,0x5579b3283a30)
stone:1966831:1966831 [1] NCCL INFO AllReduce: opCount 15 sendbuff 0x422000000 recvbuff 0x462000000 count 134217728 datatype 2 op 0 root 0 comm 0x5579b3dba210 [nranks=2] stream 0x5579b3283a30
stone:1966831:1966831 NCCL CALL ncclAllReduce(422000000,462000000,134217728,2,0,0,0x5579b3dba210,0x5579b3283a30)
stone:1966831:1966831 [1] NCCL INFO AllReduce: opCount 16 sendbuff 0x402000000 recvbuff 0x442000000 count 134217728 datatype 2 op 0 root 0 comm 0x5579b3dba210 [nranks=2] stream 0x5579b3283a30
stone:1966831:1966831 NCCL CALL ncclAllReduce(402000000,442000000,134217728,2,0,0,0x5579b3dba210,0x5579b3283a30)
stone:1966831:1966831 [1] NCCL INFO AllReduce: opCount 17 sendbuff 0x422000000 recvbuff 0x462000000 count 134217728 datatype 2 op 0 root 0 comm 0x5579b3dba210 [nranks=2] stream 0x5579b3283a30
stone:1966831:1966831 NCCL CALL ncclAllReduce(422000000,462000000,134217728,2,0,0,0x5579b3dba210,0x5579b3283a30)
stone:1966831:1966831 [1] NCCL INFO AllReduce: opCount 18 sendbuff 0x402000000 recvbuff 0x442000000 count 134217728 datatype 2 op 0 root 0 comm 0x5579b3dba210 [nranks=2] stream 0x5579b3283a30
stone:1966831:1966831 NCCL CALL ncclAllReduce(402000000,442000000,134217728,2,0,0,0x5579b3dba210,0x5579b3283a30)
stone:1966831:1966831 [1] NCCL INFO AllReduce: opCount 19 sendbuff 0x422000000 recvbuff 0x462000000 count 134217728 datatype 2 op 0 root 0 comm 0x5579b3dba210 [nranks=2] stream 0x5579b3283a30
stone:1966831:1966831 NCCL CALL ncclAllReduce(422000000,462000000,134217728,2,0,0,0x5579b3dba210,0x5579b3283a30)
stone:1966831:1966831 [1] stone:1966829:1966829 [1] NCCL INFO AllReduce: opCount 1e sendbuff 0x402000000 recvbuff 0x442000000 count 268435456 datatype 2 op 0 root 0 comm 0x564d44f89290 [nranks=2] stream 0x564d44451f70
stone:1966829:1966829 NCCL CALL ncclAllReduce(402000000,442000000,268435456,2,0,0,0x564d44f89290,0x564d44451f70)
stone:1966829:1966829 [1] NCCL INFO AllReduce: opCount 1f sendbuff 0x402000000 recvbuff 0x442000000 count 268435456 datatype 2 op 0 root 0 comm 0x564d44f89290 [nranks=2] stream 0x564d44451f70
stone:1966829:1966829 NCCL CALL ncclAllReduce(402000000,442000000,268435456,2,0,0,0x564d44f89290,0x564d44451f70)
stone:1966829:1966829 [1] NCCL INFO AllReduce: opCount 20 sendbuff 0x402000000 recvbuff 0x442000000 count 268435456 datatype 2 op 0 root 0 comm 0x564d44f89290 [nranks=2] stream 0x564d44451f70
stone:1966829:1966829 NCCL CALL ncclAllReduce(402000000,442000000,268435456,2,0,0,0x564d44f89290,0x564d44451f70)
stone:1966829:1966829 [1] NCCL INFO AllReduce: opCount 21 sendbuff 0x402000000 recvbuff 0x442000000 count 268435456 datatype 2 op 0 root 0 comm 0x564d44f89290 [nranks=2] stream 0x564d44451f70
stone:1966829:1966829 NCCL CALL ncclAllReduce(402000000,442000000,268435456,2,0,0,0x564stone:1966831:1966831 [1] NCCL INFO AllReduce: opCount 1e sendbuff 0x402000000 recvbuff 0x442000000 count 268435456 datatype 2 op 0 root 0 comm 0x5579b3dba210 [nranks=2] stream 0x5579b3283a30
stone:1966831:1966831 NCCL CALL ncclAllReduce(402000000,442000000,268435456,2,0,0,0x5579b3dba210,0x5579b3283a30)
stone:1966831:1966831 [1] NCCL INFO AllReduce: opCount 1f sendbuff 0x402000000 recvbuff 0x442000000 count 268435456 datatype 2 op 0 root 0 comm 0x5579b3dba210 [nranks=2] stream 0x5579b3283a30
stone:1966831:1966831 NCCL CALL ncclAllReduce(402000000,442000000,268435456,2,0,0,0x5579b3dba210,0x5579b3283a30)
stone:1966831:1966831 [1] NCCL INFO AllReduce: opCount 20 sendbuff 0x402000000 recvbuff 0x442000000 count 268435456 datatype 2 op 0 root 0 comm 0x5579b3dba210 [nranks=2] stream 0x5579b3283a30
stone:1966831:1966831 NCCL CALL ncclAllReduce(402000000,442000000,268435456,2,0,0,0x5579b3dba210,0x5579b3283a30)
stone:1966831:1966831 [1] NCCL INFO AllReduce: opCount 21 sendbuff 0x402000000 recvbuff 0x442000000 count 268435456 datatype 2 op 0 root 0 comm 0x5579b3dba210 [nranks=2] stream 0x5579b3283a30
stone:1966831:1966831 NCCL CALL ncclAllReduce(402000000,442000000,268435456,2,0,0,0x5579b3dba210,0x5579b3283a30)
stone:1966831:1966831 [1] NCCL INFO AllReduce: opCount 22 sendbuff 0x402000000 recvbuff 0x442000000 count 268435456 datatype 2 op 0 root 0 comm 0x5579b3dba210 [nranks=2] stream 0x5579b3283a30
stone:1966831:1966831 NCCL CALL ncclAllReduce(402000000,442000000,268435456,2,0,0,0x5579b3dba210,0x5579b3283a30)
stone:1966831:1966831 [1] NCCL INFO AllReduce: opCount 23 sendbuff 0x402000000 recvbuff 0x442000000 count 268435456 datatype 2 op 0 root 0 comm 0x5579b3dba210 [nranks=2] stream 0x5579b3283a30
stone:1966831:1966831 NCCL CALL ncclAllReduce(402000000,442000000,268435456,2,0,0,0x5579b3dba210,0x5579b3283a30)
stone:1966831:1966831 [1] stone:1966829:1966829 [1] NCCL INFO AllReduce: opCount 28 sendbuff 0x402000000 recvbuff 0x442000000 count 33554432 datatype 2 op 0 root 0 comm 0x564d44f89290 [nranks=2] stream 0x564d44451f70
stone:1966829:1966829 NCCL CALL ncclAllReduce(402000000,442000000,33554432,2,0,0,0x564d44f89290,0x564d44451f70)
stone:1966829:1966829 [1] NCCL INFO AllReduce: opCount 29 sendbuff 0x402000000 recvbuff 0x442000000 count 33554432 datatype 2 op 0 root 0 comm 0x564d44f89290 [nranks=2] stream 0x564d44451f70
stone:1966829:1966829 NCCL CALL ncclAllReduce(402000000,442000000,33554432,2,0,0,0x564d44f89290,0x564d44451f70)
stone:1966829:1966829 [1] NCCL INFO AllReduce: opCount 2a sendbuff 0x40a000000 recvbuff 0x44a000000 count 33554432 datatype 2 op 0 root 0 comm 0x564d44f89290 [nranks=2] stream 0x564d44451f70
stone:1966829:1966829 NCCL CALL ncclAllReduce(40a000000,44a000000,33554432,2,0,0,0x564d44f89290,0x564d44451f70)
stone:1966829:1966829 [1] NCCL INFO AllReduce: opCount 2b sendbuff 0x412000000 recvbuff 0x452000000 count 33554432 datatype 2 op 0 root 0 comm 0x564d44f89290 [nranks=2] stream 0x564d44451f70
stone:1966829:1966829 NCCL CALL ncclAllReduce(412000000,452000000,33554432,2,0,0,0x564d44f8929stone:1966831:1966831 [1] NCCL INFO AllReduce: opCount 28 sendbuff 0x402000000 recvbuff 0x442000000 count 33554432 datatype 2 op 0 root 0 comm 0x5579b3dba210 [nranks=2] stream 0x5579b3283a30
stone:1966831:1966831 NCCL CALL ncclAllReduce(402000000,442000000,33554432,2,0,0,0x5579b3dba210,0x5579b3283a30)
stone:1966831:1966831 [1] NCCL INFO AllReduce: opCount 29 sendbuff 0x402000000 recvbuff 0x442000000 count 33554432 datatype 2 op 0 root 0 comm 0x5579b3dba210 [nranks=2] stream 0x5579b3283a30
stone:1966831:1966831 NCCL CALL ncclAllReduce(402000000,442000000,33554432,2,0,0,0x5579b3dba210,0x5579b3283a30)
stone:1966831:1966831 [1] NCCL INFO AllReduce: opCount 2a sendbuff 0x40a000000 recvbuff 0x44a000000 count 33554432 datatype 2 op 0 root 0 comm 0x5579b3dba210 [nranks=2] stream 0x5579b3283a30
stone:1966831:1966831 NCCL CALL ncclAllReduce(40a000000,44a000000,33554432,2,0,0,0x5579b3dba210,0x5579b3283a30)
stone:1966831:1966831 [1] NCCL INFO AllReduce: opCount 2b sendbuff 0x412000000 recvbuff 0x452000000 count 33554432 datatype 2 op 0 root 0 comm 0x5579b3dba210 [nranks=2] stream 0x5579b3283a30
stone:1966831:1966831 NCCL CALL ncclAllReduce(412000000,452000000,33554432,2,0,0,0x5579b3dba210,0x5579b3283a30)
stone:1966831:1966831 [1] NCCL INFO AllReduce: opCount 2c sendbuff 0x41a000000 recvbuff 0x45a000000 count 33554432 datatype 2 op 0 root 0 comm 0x5579b3dba210 [nranks=2] stream 0x5579b3283a30
stone:1966831:1966831 NCCL CALL ncclAllReduce(41a000000,45a000000,33554432,2,0,0,0x5579b3dba210,0x5579b3283a30)
stone:1966831:1966831 [1] NCCL INFO AllReduce: opCount 2d sendbuff 0x422000000 recvbuff 0x462000000 count 33554432 datatype 2 op 0 root 0 comm 0x5579b3dba210 [nranks=2] stream 0x5579b3283a30
stone:1966831:1966831 NCCL CALL ncclAllReduce(422000000,462000000,33554432,2,0,0,0x5579b3dba210,0x5579b3283a30)
stone:1966831:1966831 [1] NCCL INFO AllReduce: opCount 2e sendbuff 0x42a000000 recvbuff 0x46a000000 count 33554432 datatype 2 op 0 root 0 comm 0x5579b3dba210 [nranks=2] stream 0x5579b3283a30
stone:1966831:1966831 NCCL CALL ncclAllReduce(42a000000,46a000000,33554432,2,0,0,0x5579b3dba210,0x5579b3283a30)
stone:1966831:1966831 [1] NCCL INFO AllReduce: opCount 2f sendbuff 0x432000000 recvbuff 0x472000000 count 33554432 datatype 2 op 0 root 0 comm 0x5579b3dba210 [nranks=2] stream 0x5579b3283a30
stone:1966831:1966831 NCCL CALL ncclAllReduce(432000000,472000000,33554432,2,0,0,0x5579b3dba210,0x5579b3283a30)
stone:1966831:1966831 [1] NCCL INFO AllReduce: opCount 30 sendbuff 0x43a000000 recvbuff 0x47a000000 count 33554432 datatype 2 op 0 root 0 comm 0x5579b3dba210 [nranks=2] stream 0x5579b3283a30
stone:1966831:1966831 NCCL CALL ncclAllReduce(43a000000,47a000000,33554432,2,0,0,0x5579b3dba210,0x5579b3283a30)
stone:1966831:1966831 [1] NCCL INFO AllReduce: opCount 31 sendbuff 0x402000000 recvbuff 0x442000000 count 33554432 datatype 2 op 0 root 0 comm 0x5579b3dba210 [nranks=2] stream 0x5579b3283a30
stone:1966831:1966831 NCCL CALL ncclAllReduce(402000000,442000000,33554432,2,0,0,0x5579b3dba210,0x5579b3283a30)
stone:1966831:1966831 [1] NCCL INFO AllReduce: opCount 32 sendbuff 0x40a000000 recvbuff 0x44a000000 count 33554432 datatype 2 op 0 root 0 comm 0x5579b3dba210 [nranks=2] stream 0x5579b3283a30
stone:1966831:1966831 NCCL CALL ncclAllReduce(40a000000,44a000000,33554432,2,0,0,0x5579b3dba210,0x5579b3283a30)
stone:1966831:1966831 [1] NCCL INFO AllReduce: opCount 33 sendbuff 0x412000000 recvbuff 0x452000000 count 33554432 datatype 2 op 0 root 0 comm 0x5579b3dba210 [nranks=2] stream 0x5579b3283a30
stone:1966831:1966831 NCCL CALL ncclAllReduce(412000000,452000000,33554432,2,0,0,0x5579b3dba210,0x5579b3283a30)
stone:1966831:1966831 [1] NCCL INFO AllReduce: opCount 34 sendbuff 0x41a000000 recvbuff 0x45a000000 count 33554432 datatype 2 op 0 root 0 comm 0x5579b3dba210 [nranks=2] stream 0x5579b3283a30
stone:1966831:1966831 NCCL CALL ncclAllReduce(41a000000,45a000000,33554432,2,0,0,0x5579b3dba210,0x5579b3283a30)
stone:1966831:1966831 [1] NCCL INFO AllReduce: opCount 35 sendbuff 0x422000000 recvbuff 0x462000000 count 33554432 datatype 2 op 0 root 0 comm 0x5579b3dba210 [nranks=2] stream 0x5579b3283a30
stone:1966831:1966831 NCCL CALL ncclAllReduce(422000000,462000000,33554432,2,0,0,0x5579b3dba210,0x5579b3283a30)
stone:1966831:1966831 [1] NCCL INFO AllReduce: opCount 36 sendbuff 0x42a000000 recvbuff 0x46a000000 count 33554432 datatype 2 op 0 root 0 comm 0x5579b3dba210 [nranks=2] stream 0x5579b3283a30
stone:1966831:1966831 NCCL CALL ncclAllReduce(42a000000,46a000000,33554432,2,0,0,0x5579b3dba210,0x5579b3283a30)
stone:1966831:1966831 [1] NCCL INFO AllReduce: opCount 37 sendbuff 0x432000000 recvbuff 0x472000000 count 33554432 datatype 2 op 0 root 0 comm 0x5579b3dba210 [nranks=2] stream 0x5579b3283a30
stone:1966831:1966831 NCCL CALL ncclAllReduce(432000000,472000000,33554432,2,0,0,0x5579b3dba210,0x5579b3283a30)
stone:1966831:1966831 [1] NCCL INFO AllReduce: opCount 38 sendbuff 0x43a000000 recvbuff 0x47a000000 count 33554432 datatype 2 op 0 root 0 comm 0x5579b3dba210 [nranks=2] stream 0x5579b3283a30
stone:1966831:1966831 NCCL CALL ncclAllReduce(43a000000,47a000000,33554432,2,0,0,0x5579b3dba210,0x5579b3283a30)
stone:1966831:1966831 [1] NCCL INFO AllReduce: opCount 39 sendbuff 0x402000000 recvbuff 0x442000000 count 33554432 datatype 2 op 0 root 0 comm 0x5579b3dba210 [nranks=2] stream 0x5579b3283a30
stone:1966831:1966831 NCCL CALL ncclAllReduce(402000000,442000000,33554432,2,0,0,0x5579b3dba210,0x5579b3283a30)
stone:1966831:1966831 [1] NCCL INFO AllReduce: opCount 3a sendbuff 0x40a000000 recvbuff 0x44a000000 count 33554432 datatype 2 op 0 root 0 comm 0x5579b3dba210 [nranks=2] stream 0x5579b3283a30
stone:1966831:1966831 NCCL CALL ncclAllReduce(40a000000,44a000000,33554432,2,0,0,0x5579b3dba210,0x5579b3283a30)
stone:1966831:1966831 [1] NCCL INFO AllReduce: opCount 3b sendbuff 0x412000000 recvbuff 0x452000000 count 33554432 datatype 2 op 0 root 0 comm 0x5579b3dba210 [nranks=2] stream 0x5579b3283a30
stone:1966831:1966831 NCCL CALL ncclAllReduce(412000000,452000000,33554432,2,0,0,0x5579b3dba210,0x5579b3283a30)
stone:1966831:1966831 [1] NCCL INFO AllReduce: opCount 3c sendbuff 0x41a000000 recvbuff 0x45a000000 count 33554432 datatype 2 op 0 root 0 comm 0x5579b3dba210 [nranks=2] stream 0x5579b3283a30
stone:1966831:1966831 NCCL CALL ncclAllReduce(41a000000,45a000000,33554432,2,0,0,0x5579b3dba210,0x5579b3283a30)
stone:1966831:1966831 [1] NCCL INFO AllReduce: opCount 3d sendbuff 0x422000000 recvbuff 0x462000000 count 33554432 datatype 2 op 0 root 0 comm 0x5579b3dba210 [nranks=2] stream 0x5579b3283a30
stone:1966831:1966831 NCCL CALL ncclAllReduce(422000000,462000000,33554432,2,0,0,0x5579b3dba210,0x5579b3283a30)
stone:1966831:1966831 [1] NCCL INFO AllReduce: opCount 3e sendbuff 0x42a000000 recvbuff 0x46a000000 count 33554432 datatype 2 op 0 root 0 comm 0x5579b3dba210 [nranks=2] stream 0x5579b3283a30
stone:1966831:1966831 NCCL CALL ncclAllReduce(42a000000,46a000000,33554432,2,0,0,0x5579b3dba210,0x5579b3283a30)
stone:1966831:1966831 [1] NCCL INFO AllReduce: opCount 3f sendbuff 0x432000000 recvbuff 0x472000000 count 33554432 datatype 2 op 0 root 0 comm 0x5579b3dba210 [nranks=2] stream 0x5579b3283a30
stone:1966831:1966831 NCCL CALL ncclAllReduce(432000000,472000000,33554432,2,0,0,0x5579b3dba210,0x5579b3283a30)
stone:1966831:1966831 [1] NCCL INFO AllReduce: opCount 40 sendbuff 0x43a000000 recvbuff 0x47a000000 count 33554432 datatype 2 op 0 root 0 comm 0x5579b3dba210 [nranks=2] stream 0x5579b3283a30
stone:1966831:1966831 NCCL CALL ncclAllReduce(43a000000,47a000000,33554432,2,0,0,0x5579b3dba210,0x5579b3283a30)
stone:1966831:1966831 [1] NCCL INFO AllReduce: opCount 41 sendbuff 0x402000000 recvbuff 0x442000000 count 33554432 datatype 2 op 0 root 0 comm 0x5579b3dba210 [nranks=2] stream 0x5579b3283a30
stone:1966831:1966831 NCCL CALL ncclAllReduce(402000000,442000000,33554432,2,0,0,0x5579b3dba210,0x5579b3283a30)
stone:1966831:1966831 [1] NCCL INFO AllReduce: opCount 42 sendbuff 0x40a000000 recvbuff 0x44a000000 count 33554432 datatype 2 op 0 root 0 comm 0x5579b3dba210 [nranks=2] stream 0x5579b3283a30
stone:1966831:1966831 NCCL CALL ncclAllReduce(40a000000,44a000000,33554432,2,0,0,0x5579b3dba210,0x5579b3283a30)
stone:1966831:1966831 [1] NCCL INFO AllReduce: opCount 43 sendbuff 0x412000000 recvbuff 0x452000000 count 33554432 datatype 2 op 0 root 0 comm 0x5579b3dba210 [nranks=2] stream 0x5579b3283a30
stone:1966831:1966831 NCCL CALL ncclAllReduce(412000000,452000000,33554432,2,0,0,0x5579b3dba210,0x5579b3283a30)
stone:1966831:1966831 [1] NCCL INFO AllReduce: opCount 44 sendbuff 0x41a000000 recvbuff 0x45a000000 count 33554432 datatype 2 op 0 root 0 comm 0x5579b3dba210 [nranks=2] stream 0x5579b3283a30
stone:1966831:1966831 NCCL CALL ncclAllReduce(41a000000,45a000000,33554432,2,0,0,0x5579b3dba210,0x5579b3283a30)
stone:1966831:1966831 [1] NCCL INFO AllReduce: opCount 45 sendbuff 0x422000000 recvbuff 0x462000000 count 33554432 datatype 2 op 0 root 0 comm 0x5579b3dba210 [nranks=2] stream 0x5579b3283a30
stone:1966831:1966831 NCCL CALL ncclAllReduce(422000000,462000000,33554432,2,0,0,0x5579b3dba210,0x5579b3283a30)
stone:1966831:1966831 [1] NCCL INFO AllReduce: opCount 46 sendbuff 0x42a000000 recvbuff 0x46a000000 count 33554432 datatype 2 op 0 root 0 comm 0x5579b3dba210 [nranks=2] stream 0x5579b3283a30
stone:1966831:1966831 NCCL CALL ncclAllReduce(42a000000,46a000000,33554432,2,0,0,0x5579b3dba210,0x5579b3283a30)
stone:1966831:1966831 [1] NCCL INFO AllReduce: opCount 47 sendbuff 0x432000000 recvbuff 0x472000000 count 33554432 datatype 2 op 0 root 0 comm 0x5579b3dba210 [nranks=2] stream 0x5579b3283a30
stone:1966831:1966831 NCCL CALL ncclAllReduce(432000000,472000000,33554432,2,0,0,0x5579b3dba210,0x5579b3283a30)
stone:1966831:1966831 [1] NCCL INFO AllReduce: opCount 48 sendbuff 0x43a000000 recvbuff 0x47a000000 count 33554432 datatype 2 op 0 root 0 comm 0x5579b3dba210 [nranks=2] stream 0x5579b3283a30
stone:1966831:1966831 NCCL CALL ncclAllReduce(43a000000,47a000000,33554432,2,0,0,0x5579b3dba210,0x5579b3283a30)
stone:1966831:1966831 [1] NCCL INFO AllReduce: opCount 49 sendbuff 0x402000000 recvbuff 0x442000000 count 33554432 datatype 2 op 0 root 0 comm 0x5579b3dba210 [nranks=2] stream 0x5579b3283a30
stone:1966831:1966831 NCCL CALL ncclAllReduce(402000000,442000000,33554432,2,0,0,0x5579b3dba210,0x5579b3283a30)
stone:1966831:1966831 [1] NCCL INFO AllReduce: opCount 4a sendbuff 0x40a000000 recvbuff 0x44a000000 count 33554432 datatype 2 op 0 root 0 comm 0x5579b3dba210 [nranks=2] stream 0x5579b3283a30
stone:1966831:1966831 NCCL CALL ncclAllReduce(40a000000,44a000000,33554432,2,0,0,0x5579b3dba210,0x5579b3283a30)
stone:1966831:1966831 [1] NCCL INFO AllReduce: opCount 4b sendbuff 0x412000000 recvbuff 0x452000000 count 33554432 datatype 2 op 0 root 0 comm 0x5579b3dba210 [nranks=2] stream 0x5579b3283a30
stone:1966831:1966831 NCCL CALL ncclAllReduce(412000000,452000000,33554432,2,0,0,0x5579b3dba210,0x5579b3283a30)
stone:1966831:1966831 [1] NCCL INFO AllReduce: opCount 4c sendbuff 0x41a000000 recvbuff 0x45a000000 count 33554432 datatype 2 op 0 root 0 comm 0x5579b3dba210 [nranks=2] stream 0x5579b3283a30
stone:1966831:1966831 NCCL CALL ncclAllReduce(41a000000,45a000000,33554432,2,0,0,0x5579b3dba210,0x5579b3283a30)
stone:1966831:1966831 [1] NCCL INFO AllReduce: opCount 4d sendbuff 0x422000000 recvbuff 0x462000000 count 33554432 datatype 2 op 0 root 0 comm 0x5579b3dba210 [nranks=2] stream 0x5579b3283a30
stone:1966831:1966831 NCCL CALL ncclAllReduce(422000000,462000000,33554432,2,0,0,0x5579b3dba210,0x5579b3283a30)
stone:1966831:1966831 [1] NCCL INFO AllReduce: opCount 4e sendbuff 0x42a000000 recvbuff 0x46a000000 count 33554432 datatype 2 op 0 root 0 comm 0x5579b3dba210 [nranks=2] stream 0x5579b3283a30
stone:1966831:1966831 NCCL CALL ncclAllReduce(42a000000,46a000000,33554432,2,0,0,0x5579b3dba210,0x5579b3283a30)
stone:1966831:1966831 [1] NCCL INFO AllReduce: opCount 4f sendbuff 0x432000000 recvbuff 0x472000000 count 33554432 datatype 2 op 0 root 0 comm 0x5579b3dba210 [nranks=2] stream 0x5579b3283a30
stone:1966831:1966831 NCCL CALL ncclAllReduce(432000000,472000000,33554432,2,0,0,0x5579b3dba210,0x5579b3283a30)
stone:1966831:1966831 [1] NCCL INFO AllReduce: opCount 50 sendbuff 0x43a000000 recvbuff 0x47a000000 count 33554432 datatype 2 op 0 root 0 comm 0x5579b3dba210 [nranks=2] stream 0x5579b3283a30
stone:1966831:1966831 NCCL CALL ncclAllReduce(43a000000,47a000000,33554432,2,0,0,0x5579b3dba210,0x5579b3283a30)
stone:1966831:1966831 [1] NCCL INFO AllReduce: opCount 51 sendbuff 0x402000000 recvbuff 0x442000000 count 33554432 datatype 2 op 0 root 0 comm 0x5579b3dba210 [nranks=2] stream 0x5579b3283a30
stone:1966831:1966831 NCCL CALL ncclAllReduce(402000000,442000000,33554432,2,0,0,0x5579b3dba210,0x5579b3283a30)
stone:1966831:1966831 [1] NCCL INFO AllReduce: opCount 52 sendbuff 0x40a000000 recvbuff 0x44a000000 count 33554432 datatype 2 op 0 root 0 comm 0x5579b3dba210 [nranks=2] stream 0x5579b3283a30
stone:1966831:1966831 NCCL CALL ncclAllReduce(40a000000,44a000000,33554432,2,0,0,0x5579b3dba210,0x5579b3283a30)
stone:1966831:1966831 [1] NCCL INFO AllReduce: opCount 53 sendbuff 0x412000000 recvbuff 0x452000000 count 33554432 datatype 2 op 0 root 0 comm 0x5579b3dba210 [nranks=2] stream 0x5579b3283a30
stone:1966831:1966831 NCCL CALL ncclAllReduce(412000000,452000000,33554432,2,0,0,0x5579b3dba210,0x5579b3283a30)
stone:1966831:1966831 [1] NCCL INFO AllReduce: opCount 54 sendbuff 0x41a000000 recvbuff 0x45a000000 count 33554432 datatype 2 op 0 root 0 comm 0x5579b3dba210 [nranks=2] stream 0x5579b3283a30
stone:1966831:1966831 NCCL CALL ncclAllReduce(41a000000,45a000000,33554432,2,0,0,0x5579b3dba210,0x5579b3283a30)
